Archive member included to satisfy reference by file (symbol)

/usr/lib/gcc/arm-none-eabi/13.2.1/thumb/v6-m/nofp/libgcc.a(_dvmd_tls.o)
                              CMakeFiles/02-control.dir/home/nasil/Repositories/pico/pico-sdk/src/rp2_common/pico_divider/divider_hardware.S.o (__aeabi_idiv0)
/usr/lib/gcc/arm-none-eabi/13.2.1/../../../arm-none-eabi/lib/thumb/v6-m/nofp/libg.a(libc_a-sscanf.o)
                              CMakeFiles/02-control.dir/main.c.o (sscanf)
/usr/lib/gcc/arm-none-eabi/13.2.1/../../../arm-none-eabi/lib/thumb/v6-m/nofp/libg.a(libc_a-strchr.o)
                              CMakeFiles/02-control.dir/protocol-task/protocol-task.c.o (strchr)
/usr/lib/gcc/arm-none-eabi/13.2.1/../../../arm-none-eabi/lib/thumb/v6-m/nofp/libg.a(libc_a-strcmp.o)
                              CMakeFiles/02-control.dir/protocol-task/protocol-task.c.o (strcmp)
/usr/lib/gcc/arm-none-eabi/13.2.1/../../../arm-none-eabi/lib/thumb/v6-m/nofp/libg.a(libc_a-calloc.o)
                              CMakeFiles/02-control.dir/home/nasil/Repositories/pico/pico-sdk/src/rp2_common/pico_malloc/malloc.c.o (calloc)
/usr/lib/gcc/arm-none-eabi/13.2.1/../../../arm-none-eabi/lib/thumb/v6-m/nofp/libg.a(libc_a-impure.o)
                              /usr/lib/gcc/arm-none-eabi/13.2.1/../../../arm-none-eabi/lib/thumb/v6-m/nofp/libg.a(libc_a-sscanf.o) (_impure_ptr)
/usr/lib/gcc/arm-none-eabi/13.2.1/../../../arm-none-eabi/lib/thumb/v6-m/nofp/libg.a(libc_a-callocr.o)
                              /usr/lib/gcc/arm-none-eabi/13.2.1/../../../arm-none-eabi/lib/thumb/v6-m/nofp/libg.a(libc_a-calloc.o) (_calloc_r)
/usr/lib/gcc/arm-none-eabi/13.2.1/../../../arm-none-eabi/lib/thumb/v6-m/nofp/libg.a(libc_a-realloc.o)
                              CMakeFiles/02-control.dir/home/nasil/Repositories/pico/pico-sdk/src/rp2_common/pico_malloc/malloc.c.o (realloc)
/usr/lib/gcc/arm-none-eabi/13.2.1/../../../arm-none-eabi/lib/thumb/v6-m/nofp/libg.a(libc_a-mallocr.o)
                              /usr/lib/gcc/arm-none-eabi/13.2.1/../../../arm-none-eabi/lib/thumb/v6-m/nofp/libg.a(libc_a-callocr.o) (_malloc_r)
/usr/lib/gcc/arm-none-eabi/13.2.1/../../../arm-none-eabi/lib/thumb/v6-m/nofp/libg.a(libc_a-freer.o)
                              /usr/lib/gcc/arm-none-eabi/13.2.1/../../../arm-none-eabi/lib/thumb/v6-m/nofp/libg.a(libc_a-mallocr.o) (_free_r)
/usr/lib/gcc/arm-none-eabi/13.2.1/../../../arm-none-eabi/lib/thumb/v6-m/nofp/libg.a(libc_a-svfscanf.o)
                              /usr/lib/gcc/arm-none-eabi/13.2.1/../../../arm-none-eabi/lib/thumb/v6-m/nofp/libg.a(libc_a-sscanf.o) (__ssvfscanf_r)
/usr/lib/gcc/arm-none-eabi/13.2.1/../../../arm-none-eabi/lib/thumb/v6-m/nofp/libg.a(libc_a-memcmp.o)
                              CMakeFiles/02-control.dir/home/nasil/Repositories/pico/pico-sdk/src/rp2_common/pico_atomic/atomic.c.o (memcmp)
/usr/lib/gcc/arm-none-eabi/13.2.1/../../../arm-none-eabi/lib/thumb/v6-m/nofp/libg.a(libc_a-strtol.o)
                              /usr/lib/gcc/arm-none-eabi/13.2.1/../../../arm-none-eabi/lib/thumb/v6-m/nofp/libg.a(libc_a-svfscanf.o) (_strtol_r)
/usr/lib/gcc/arm-none-eabi/13.2.1/../../../arm-none-eabi/lib/thumb/v6-m/nofp/libg.a(libc_a-malloc.o)
                              CMakeFiles/02-control.dir/home/nasil/Repositories/pico/pico-sdk/src/rp2_common/pico_malloc/malloc.c.o (malloc)
/usr/lib/gcc/arm-none-eabi/13.2.1/../../../arm-none-eabi/lib/thumb/v6-m/nofp/libg.a(libc_a-sysconf.o)
                              /usr/lib/gcc/arm-none-eabi/13.2.1/../../../arm-none-eabi/lib/thumb/v6-m/nofp/libg.a(libc_a-mallocr.o) (sysconf)
/usr/lib/gcc/arm-none-eabi/13.2.1/../../../arm-none-eabi/lib/thumb/v6-m/nofp/libg.a(libc_a-stdio.o)
                              /usr/lib/gcc/arm-none-eabi/13.2.1/../../../arm-none-eabi/lib/thumb/v6-m/nofp/libg.a(libc_a-sscanf.o) (__seofread)
/usr/lib/gcc/arm-none-eabi/13.2.1/../../../arm-none-eabi/lib/thumb/v6-m/nofp/libg.a(libc_a-iswspace.o)
                              /usr/lib/gcc/arm-none-eabi/13.2.1/../../../arm-none-eabi/lib/thumb/v6-m/nofp/libg.a(libc_a-svfscanf.o) (iswspace)
/usr/lib/gcc/arm-none-eabi/13.2.1/../../../arm-none-eabi/lib/thumb/v6-m/nofp/libg.a(libc_a-mbrtowc.o)
                              /usr/lib/gcc/arm-none-eabi/13.2.1/../../../arm-none-eabi/lib/thumb/v6-m/nofp/libg.a(libc_a-svfscanf.o) (_mbrtowc_r)
/usr/lib/gcc/arm-none-eabi/13.2.1/../../../arm-none-eabi/lib/thumb/v6-m/nofp/libg.a(libc_a-init.o)
                              /usr/lib/gcc/arm-none-eabi/13.2.1/../../../arm-none-eabi/lib/thumb/v6-m/nofp/crt0.o (__libc_init_array)
/usr/lib/gcc/arm-none-eabi/13.2.1/../../../arm-none-eabi/lib/thumb/v6-m/nofp/libg.a(libc_a-reallocr.o)
                              /usr/lib/gcc/arm-none-eabi/13.2.1/../../../arm-none-eabi/lib/thumb/v6-m/nofp/libg.a(libc_a-realloc.o) (_realloc_r)
/usr/lib/gcc/arm-none-eabi/13.2.1/../../../arm-none-eabi/lib/thumb/v6-m/nofp/libg.a(libc_a-writer.o)
[...]
Memory Configuration

Name             Origin             Length             Attributes
FLASH            0x10000000         0x00200000         xr
RAM              0x20000000         0x00040000         xrw
SCRATCH_X        0x20040000         0x00001000         xrw
SCRATCH_Y        0x20041000         0x00001000         xrw
*default*        0x00000000         0xffffffff

Linker script and memory map

LOAD /usr/lib/gcc/arm-none-eabi/13.2.1/thumb/v6-m/nofp/crti.o
LOAD /usr/lib/gcc/arm-none-eabi/13.2.1/thumb/v6-m/nofp/crtbegin.o
LOAD /usr/lib/gcc/arm-none-eabi/13.2.1/../../../arm-none-eabi/lib/thumb/v6-m/nofp/crt0.o

.flash_begin    0x10000000        0x0
                0x10000000                        __flash_binary_start = .

.boot2          0x10000000      0x100
                0x10000000                        __boot2_start__ = .
 *(.boot2)
 .boot2         0x10000000      0x100 pico-sdk/src/rp2040/boot_stage2/CMakeFiles/bs2_default_library.dir/bs2_default_padded_checksummed.S.o
                0x10000100                        __boot2_end__ = .
                0x00000001                        ASSERT (((__boot2_end__ - __boot2_start__) == 0x100), ERROR: Pico second stage bootloader must be 256 bytes in size)

.text           0x10000100     0xd6c8
                0x10000100                        __logical_binary_start = .
 *(.vectors)
 .vectors       0x10000100       0xd4 CMakeFiles/02-control.dir/home/nasil/Repositories/pico/pico-sdk/src/rp2_common/pico_crt0/crt0.S.o
                0x10000100                __vectors
                0x10000100                __VECTOR_TABLE
                0x100001c0                isr_irq30
                0x100001c0                __unhandled_user_irq
                0x100001c0                isr_irq13
                0x100001c0                isr_irq27
                0x100001c0                isr_irq31
                0x100001c0                isr_irq5
                0x100001c0                isr_irq11
                0x100001c0                isr_irq23
                0x100001c0                isr_irq18
                0x100001c0                isr_irq28
                0x100001c0                isr_irq19
                0x100001c0                isr_irq0
                0x100001c0                isr_irq6
                0x100001c0                isr_irq22
                0x100001c0                isr_irq17
                0x100001c0                isr_irq14
                0x100001c0                __vectors_end
                0x100001c0                __default_isrs_start
                0x100001c0                isr_irq2
                0x100001c0                isr_irq10
                0x100001c0                isr_irq8
                0x100001c0                isr_irq24
                0x100001c0                isr_irq1
                0x100001c0                isr_irq7
                0x100001c0                isr_irq21
                0x100001c0                isr_irq20
                0x100001c0                isr_irq15
                0x100001c0                isr_irq25
                0x100001c0                isr_irq4
                0x100001c0                isr_irq16
                0x100001c0                isr_irq29
                0x100001c0                isr_irq26
                0x100001c0                isr_irq3
                0x100001c0                isr_irq12
                0x100001c0                isr_irq9
                0x100001c6                unhandled_user_irq_num_in_r0
                0x100001c8                isr_invalid
                0x100001ca                isr_nmi
                0x100001cc                isr_hardfault
                0x100001ce                isr_svcall
                0x100001d0                isr_pendsv
                0x100001d2                isr_systick
                0x100001d4                __default_isrs_end
 *(.binary_info_header)
 .binary_info_header
                0x100001d4       0x14 CMakeFiles/02-control.dir/home/nasil/Repositories/pico/pico-sdk/src/rp2_common/pico_crt0/crt0.S.o
                0x100001e8                        __binary_info_header_end = .
 *(.embedded_block)
                0x100001e8                        __embedded_block_end = .
 *(.reset)
 .reset         0x100001e8       0x9c CMakeFiles/02-control.dir/home/nasil/Repositories/pico/pico-sdk/src/rp2_common/pico_crt0/crt0.S.o
                0x100001e8                _entry_point
 *(.init)
 .init          0x10000284        0x4 /usr/lib/gcc/arm-none-eabi/13.2.1/thumb/v6-m/nofp/crti.o
                0x10000284                _init
 *(EXCLUDE_FILE(*libm.a: *libc.a:*lib_a-mem*.o *libgcc.a:) .text*)
 .text          0x10000288       0x98 /usr/lib/gcc/arm-none-eabi/13.2.1/thumb/v6-m/nofp/crtbegin.o
 .text.led_on_callback
                0x10000320        0xc CMakeFiles/02-control.dir/main.c.o
                0x10000320                led_on_callback
 .text.led_off_callback
                0x1000032c        0xc CMakeFiles/02-control.dir/main.c.o
                0x1000032c                led_off_callback
 .text.led_blink_callback
                0x10000338        0xc CMakeFiles/02-control.dir/main.c.o
                0x10000338                led_blink_callback
 .text.version_callback
                0x10000344       0x1c CMakeFiles/02-control.dir/main.c.o
                0x10000344                version_callback
 .text.help_callback
                0x10000360       0x2c CMakeFiles/02-control.dir/main.c.o
                0x10000360                help_callback
 .text.mem_callback
                0x1000038c       0x38 CMakeFiles/02-control.dir/main.c.o
                0x1000038c                mem_callback
 .text.wmem_callback
                0x100003c4       0x40 CMakeFiles/02-control.dir/main.c.o
                0x100003c4                wmem_callback
 .text.led_blink_set_period_ms_callback
                0x10000404       0x30 CMakeFiles/02-control.dir/main.c.o
                0x10000404                led_blink_set_period_ms_callback
 .text.startup.main
                0x10000434       0x60 CMakeFiles/02-control.dir/main.c.o
                0x10000434                main
 .text.stdio_task_init
                0x10000494        0xc CMakeFiles/02-control.dir/stdio-task/stdio-task.c.o
                0x10000494                stdio_task_init
 .text.stdio_task_handle
                0x100004a0       0x5c CMakeFiles/02-control.dir/stdio-task/stdio-task.c.o
                0x100004a0                stdio_task_handle
 .text.protocol_task_init
                0x100004fc       0x30 CMakeFiles/02-control.dir/protocol-task/protocol-task.c.o
                0x100004fc                protocol_task_init
 .text.protocol_task_handle
                0x1000052c       0x64 CMakeFiles/02-control.dir/protocol-task/protocol-task.c.o
                0x1000052c                protocol_task_handle
 .text.led_task_set_blink_period_ms
                0x10000590       0x14 CMakeFiles/02-control.dir/led-task/led-task.c.o
                0x10000590                led_task_set_blink_period_ms
 .text.led_task_init
                0x100005a4       0x30 CMakeFiles/02-control.dir/led-task/led-task.c.o
                0x100005a4                led_task_init
 .text.led_task_state_set
                0x100005d4        0xc CMakeFiles/02-control.dir/led-task/led-task.c.o
                0x100005d4                led_task_state_set
 .text.led_task_handle
                0x100005e0       0x74 CMakeFiles/02-control.dir/led-task/led-task.c.o
                0x100005e0                led_task_handle
 .text.gpio_init
                0x10000654       0x40 CMakeFiles/02-control.dir/home/nasil/Repositories/pico/pico-sdk/src/rp2_common/hardware_gpio/gpio.c.o
                0x10000654                gpio_init
 .text.rp2040_chip_version
                0x10000694        0xc CMakeFiles/02-control.dir/home/nasil/Repositories/pico/pico-sdk/src/rp2040/pico_platform/platform.c.o
                0x10000694                rp2040_chip_version
 .text.panic    0x100006a0       0x30 CMakeFiles/02-control.dir/home/nasil/Repositories/pico/pico-sdk/src/rp2_common/pico_platform_panic/panic.c.o
                0x100006a0                panic
 .text.hw_claim_or_assert
                0x100006d0       0x44 CMakeFiles/02-control.dir/home/nasil/Repositories/pico/pico-sdk/src/common/hardware_claim/claim.c.o
                0x100006d0                hw_claim_or_assert
 .text.hw_claim_unused_from_range
                0x10000714       0x9c CMakeFiles/02-control.dir/home/nasil/Repositories/pico/pico-sdk/src/common/hardware_claim/claim.c.o
                0x10000714                hw_claim_unused_from_range
 .text.next_striped_spin_lock_num
                0x100007b0       0x18 CMakeFiles/02-control.dir/home/nasil/Repositories/pico/pico-sdk/src/rp2_common/hardware_sync/sync.c.o
                0x100007b0                next_striped_spin_lock_num
 .text.spin_lock_claim_unused
                0x100007c8       0x24 CMakeFiles/02-control.dir/home/nasil/Repositories/pico/pico-sdk/src/rp2_common/hardware_sync/sync.c.o
                0x100007c8                spin_lock_claim_unused
 .text.spin_locks_reset
                0x100007ec       0x1c CMakeFiles/02-control.dir/home/nasil/Repositories/pico/pico-sdk/src/rp2_common/hardware_sync_spin_lock/sync_spin_lock.c.o
                0x100007ec                spin_locks_reset
 .text.runtime_init_per_core_irq_priorities
                0x10000808       0x24 CMakeFiles/02-control.dir/home/nasil/Repositories/pico/pico-sdk/src/rp2_common/hardware_irq/irq.c.o
                0x10000808                runtime_init_per_core_irq_priorities
 .text.irq_set_enabled
                0x1000082c       0x24 CMakeFiles/02-control.dir/home/nasil/Repositories/pico/pico-sdk/src/rp2_common/hardware_irq/irq.c.o
                0x1000082c                irq_set_enabled
 .text.irq_is_enabled
                0x10000850       0x18 CMakeFiles/02-control.dir/home/nasil/Repositories/pico/pico-sdk/src/rp2_common/hardware_irq/irq.c.o
                0x10000850                irq_is_enabled
 .text.irq_set_pending
                0x10000868       0x10 CMakeFiles/02-control.dir/home/nasil/Repositories/pico/pico-sdk/src/rp2_common/hardware_irq/irq.c.o
                0x10000868                irq_set_pending
 .text.irq_has_shared_handler
                0x10000878       0x24 CMakeFiles/02-control.dir/home/nasil/Repositories/pico/pico-sdk/src/rp2_common/hardware_irq/irq.c.o
                0x10000878                irq_has_shared_handler
 .text.irq_set_exclusive_handler
                0x1000089c       0x54 CMakeFiles/02-control.dir/home/nasil/Repositories/pico/pico-sdk/src/rp2_common/hardware_irq/irq.c.o
                0x1000089c                irq_set_exclusive_handler
 .text.irq_add_shared_handler
                0x100008f0      0x1f4 CMakeFiles/02-control.dir/home/nasil/Repositories/pico/pico-sdk/src/rp2_common/hardware_irq/irq.c.o
                0x100008f0                irq_add_shared_handler
 .text.irq_add_tail_to_free_list
                0x10000ae4       0xb4 CMakeFiles/02-control.dir/home/nasil/Repositories/pico/pico-sdk/src/rp2_common/hardware_irq/irq.c.o
                0x10000ae4                irq_add_tail_to_free_list
 .text.user_irq_claim_unused
                0x10000b98       0x2c CMakeFiles/02-control.dir/home/nasil/Repositories/pico/pico-sdk/src/rp2_common/hardware_irq/irq.c.o
                0x10000b98                user_irq_claim_unused
 .text.lock_init
                0x10000bc4       0x10 CMakeFiles/02-control.dir/home/nasil/Repositories/pico/pico-sdk/src/common/pico_sync/lock_core.c.o
                0x10000bc4                lock_init
 .text.runtime_init_mutex
                0x10000bd4       0x50 CMakeFiles/02-control.dir/home/nasil/Repositories/pico/pico-sdk/src/common/pico_sync/mutex.c.o
                0x10000bd4                runtime_init_mutex
 .text.mutex_init
                0x10000c24       0x1c CMakeFiles/02-control.dir/home/nasil/Repositories/pico/pico-sdk/src/common/pico_sync/mutex.c.o
                0x10000c24                mutex_init
 .text.critical_section_init
                0x10000c40       0x1c CMakeFiles/02-control.dir/home/nasil/Repositories/pico/pico-sdk/src/common/pico_sync/critical_section.c.o
                0x10000c40                critical_section_init
 .text.critical_section_init_with_lock_num
                0x10000c5c       0x14 CMakeFiles/02-control.dir/home/nasil/Repositories/pico/pico-sdk/src/common/pico_sync/critical_section.c.o
                0x10000c5c                critical_section_init_with_lock_num
 .text.sleep_until_callback
                0x10000c70       0x30 CMakeFiles/02-control.dir/home/nasil/Repositories/pico/pico-sdk/src/common/pico_time/time.c.o
 .text.alarm_pool_irq_handler
                0x10000ca0      0x2fc CMakeFiles/02-control.dir/home/nasil/Repositories/pico/pico-sdk/src/common/pico_time/time.c.o
 .text.runtime_init_default_alarm_pool
                0x10000f9c       0xdc CMakeFiles/02-control.dir/home/nasil/Repositories/pico/pico-sdk/src/common/pico_time/time.c.o
                0x10000f9c                runtime_init_default_alarm_pool
 .text.alarm_pool_get_default
                0x10001078        0x8 CMakeFiles/02-control.dir/home/nasil/Repositories/pico/pico-sdk/src/common/pico_time/time.c.o
                0x10001078                alarm_pool_get_default
 .text.alarm_pool_add_alarm_at
                0x10001080       0xd4 CMakeFiles/02-control.dir/home/nasil/Repositories/pico/pico-sdk/src/common/pico_time/time.c.o
                0x10001080                alarm_pool_add_alarm_at
 .text.alarm_pool_add_alarm_at_force_in_context
                0x10001154       0xb0 CMakeFiles/02-control.dir/home/nasil/Repositories/pico/pico-sdk/src/common/pico_time/time.c.o
                0x10001154                alarm_pool_add_alarm_at_force_in_context
 .text.alarm_pool_cancel_alarm
                0x10001204       0x74 CMakeFiles/02-control.dir/home/nasil/Repositories/pico/pico-sdk/src/common/pico_time/time.c.o
                0x10001204                alarm_pool_cancel_alarm
 .text.alarm_pool_core_num
                0x10001278        0x4 CMakeFiles/02-control.dir/home/nasil/Repositories/pico/pico-sdk/src/common/pico_time/time.c.o
                0x10001278                alarm_pool_core_num
 .text.sleep_until
                0x1000127c       0xd8 CMakeFiles/02-control.dir/home/nasil/Repositories/pico/pico-sdk/src/common/pico_time/time.c.o
                0x1000127c                sleep_until
 .text.sleep_ms
                0x10001354       0x38 CMakeFiles/02-control.dir/home/nasil/Repositories/pico/pico-sdk/src/common/pico_time/time.c.o
                0x10001354                sleep_ms
 .text.best_effort_wfe_or_timeout
                0x1000138c       0xf8 CMakeFiles/02-control.dir/home/nasil/Repositories/pico/pico-sdk/src/common/pico_time/time.c.o
                0x1000138c                best_effort_wfe_or_timeout
 .text.timer_hardware_alarm_claim
                0x10001484       0x14 CMakeFiles/02-control.dir/home/nasil/Repositories/pico/pico-sdk/src/rp2_common/hardware_timer/timer.c.o
                0x10001484                timer_hardware_alarm_claim
 .text.timer_time_us_64
                0x10001498       0x10 CMakeFiles/02-control.dir/home/nasil/Repositories/pico/pico-sdk/src/rp2_common/hardware_timer/timer.c.o
                0x10001498                timer_time_us_64
 .text.time_us_64
                0x100014a8       0x14 CMakeFiles/02-control.dir/home/nasil/Repositories/pico/pico-sdk/src/rp2_common/hardware_timer/timer.c.o
                0x100014a8                time_us_64
 .text.busy_wait_us
                0x100014bc       0x68 CMakeFiles/02-control.dir/home/nasil/Repositories/pico/pico-sdk/src/rp2_common/hardware_timer/timer.c.o
                0x100014bc                busy_wait_us
 .text.busy_wait_until
                0x10001524       0x20 CMakeFiles/02-control.dir/home/nasil/Repositories/pico/pico-sdk/src/rp2_common/hardware_timer/timer.c.o
                0x10001524                busy_wait_until
 .text.clock_configure_int_divider
                0x10001544       0xf4 CMakeFiles/02-control.dir/home/nasil/Repositories/pico/pico-sdk/src/rp2_common/hardware_clocks/clocks.c.o
                0x10001544                clock_configure_int_divider
 .text.clock_configure_undivided
                0x10001638       0xe8 CMakeFiles/02-control.dir/home/nasil/Repositories/pico/pico-sdk/src/rp2_common/hardware_clocks/clocks.c.o
                0x10001638                clock_configure_undivided
 .text.clock_get_hz
                0x10001720        0xc CMakeFiles/02-control.dir/home/nasil/Repositories/pico/pico-sdk/src/rp2_common/hardware_clocks/clocks.c.o
                0x10001720                clock_get_hz
 .text.pll_init
                0x1000172c       0xa4 CMakeFiles/02-control.dir/home/nasil/Repositories/pico/pico-sdk/src/rp2_common/hardware_pll/pll.c.o
                0x1000172c                pll_init
 .text.watchdog_reboot
                0x100017d0       0x9c CMakeFiles/02-control.dir/home/nasil/Repositories/pico/pico-sdk/src/rp2_common/hardware_watchdog/watchdog.c.o
                0x100017d0                watchdog_reboot
 .text.tick_start
                0x1000186c       0x10 CMakeFiles/02-control.dir/home/nasil/Repositories/pico/pico-sdk/src/rp2_common/hardware_ticks/ticks.c.o
                0x1000186c                tick_start
 .text.rom_func_lookup
                0x1000187c       0x10 CMakeFiles/02-control.dir/home/nasil/Repositories/pico/pico-sdk/src/rp2_common/pico_bootrom/bootrom.c.o
                0x1000187c                rom_func_lookup
 .text.rom_data_lookup
                0x1000188c       0x10 CMakeFiles/02-control.dir/home/nasil/Repositories/pico/pico-sdk/src/rp2_common/pico_bootrom/bootrom.c.o
                0x1000188c                rom_data_lookup
 .text.rom_funcs_lookup
                0x1000189c       0x44 CMakeFiles/02-control.dir/home/nasil/Repositories/pico/pico-sdk/src/rp2_common/pico_bootrom/bootrom.c.o
                0x1000189c                rom_funcs_lookup
 .text.rom_reset_usb_boot_extra
                0x100018e0       0x28 CMakeFiles/02-control.dir/home/nasil/Repositories/pico/pico-sdk/src/rp2_common/pico_bootrom/bootrom.c.o
                0x100018e0                rom_reset_usb_boot_extra
 .text.xosc_init
                0x10001908       0x28 CMakeFiles/02-control.dir/home/nasil/Repositories/pico/pico-sdk/src/rp2_common/hardware_xosc/xosc.c.o
                0x10001908                xosc_init
 .text.first_per_core_initializer
                0x10001930        0x4 CMakeFiles/02-control.dir/home/nasil/Repositories/pico/pico-sdk/src/rp2_common/pico_runtime/runtime.c.o
 .text.hard_assertion_failure
                0x10001934        0xc CMakeFiles/02-control.dir/home/nasil/Repositories/pico/pico-sdk/src/rp2_common/pico_runtime/runtime.c.o
                0x10001934                hard_assertion_failure
 .text.runtime_run_initializers
                0x10001940       0x28 CMakeFiles/02-control.dir/home/nasil/Repositories/pico/pico-sdk/src/rp2_common/pico_runtime/runtime.c.o
                0x10001940                runtime_run_initializers
 .text.runtime_init_early_resets
                0x10001968       0x2c CMakeFiles/02-control.dir/home/nasil/Repositories/pico/pico-sdk/src/rp2_common/pico_runtime_init/runtime_init.c.o
                0x10001968                runtime_init_early_resets
 .text.runtime_init_usb_power_down
                0x10001994       0x1c CMakeFiles/02-control.dir/home/nasil/Repositories/pico/pico-sdk/src/rp2_common/pico_runtime_init/runtime_init.c.o
                0x10001994                runtime_init_usb_power_down
 .text.runtime_init_post_clock_resets
                0x100019b0       0x20 CMakeFiles/02-control.dir/home/nasil/Repositories/pico/pico-sdk/src/rp2_common/pico_runtime_init/runtime_init.c.o
                0x100019b0                runtime_init_post_clock_resets
 .text.runtime_init_rp2040_gpio_ie_disable
                0x100019d0       0x14 CMakeFiles/02-control.dir/home/nasil/Repositories/pico/pico-sdk/src/rp2_common/pico_runtime_init/runtime_init.c.o
                0x100019d0                runtime_init_rp2040_gpio_ie_disable
 .text.runtime_init_spin_locks_reset
                0x100019e4        0x8 CMakeFiles/02-control.dir/home/nasil/Repositories/pico/pico-sdk/src/rp2_common/pico_runtime_init/runtime_init.c.o
                0x100019e4                runtime_init_spin_locks_reset
 .text.runtime_init_install_ram_vector_table
                0x100019ec       0xb4 CMakeFiles/02-control.dir/home/nasil/Repositories/pico/pico-sdk/src/rp2_common/pico_runtime_init/runtime_init.c.o
                0x100019ec                runtime_init_install_ram_vector_table
 .text.runtime_init_clocks
                0x10001aa0       0xd8 CMakeFiles/02-control.dir/home/nasil/Repositories/pico/pico-sdk/src/rp2_common/pico_runtime_init/runtime_init_clocks.c.o
                0x10001aa0                runtime_init_clocks
 .text          0x10001b78       0x10 CMakeFiles/02-control.dir/home/nasil/Repositories/pico/pico-sdk/src/rp2_common/pico_bit_ops/bit_ops_aeabi.S.o
 .text.__wrap___aeabi_idiv
                0x10001b88       0x50 CMakeFiles/02-control.dir/home/nasil/Repositories/pico/pico-sdk/src/rp2_common/pico_divider/divider_hardware.S.o
                0x10001b88                __wrap___aeabi_idivmod
                0x10001b88                divmod_s32s32
                0x10001b88                div_s32s32
                0x10001b88                __wrap___aeabi_idiv
                0x10001b90                divmod_s32s32_unsafe
                0x10001bbc                divmod_s32s32_savestate
 .text.__wrap___aeabi_uidiv
                0x10001bd8       0x4c CMakeFiles/02-control.dir/home/nasil/Repositories/pico/pico-sdk/src/rp2_common/pico_divider/divider_hardware.S.o
                0x10001bd8                __wrap___aeabi_uidiv
                0x10001bd8                __wrap___aeabi_uidivmod
                0x10001bd8                div_u32u32
                0x10001bd8                divmod_u32u32
                0x10001be0                divmod_u32u32_unsafe
                0x10001c08                divmod_u32u32_savestate
 .text.__wrap___aeabi_ldiv
                0x10001c24      0x424 CMakeFiles/02-control.dir/home/nasil/Repositories/pico/pico-sdk/src/rp2_common/pico_divider/divider_hardware.S.o
                0x10001c24                div_s64s64
                0x10001c24                divmod_s64s64
                0x10001c24                __wrap___aeabi_ldivmod
                0x10001c54                div_u64u64
                0x10001c54                divmod_u64u64
                0x10001c54                __wrap___aeabi_uldivmod
                0x10001c64                divmod_u64u64_savestate
                0x10001c84                divmod_s64s64_unsafe
                0x10001d0c                divmod_u64u64_unsafe
 .text.__wrap___aeabi_darithmetic
                0x10002048       0x80 CMakeFiles/02-control.dir/home/nasil/Repositories/pico/pico-sdk/src/rp2_common/pico_double/double_aeabi_rp2040.S.o
                0x10002048                __wrap___aeabi_drsub
                0x1000204e                __wrap___aeabi_dsub
                0x10002060                __wrap___aeabi_dadd
                0x10002072                __wrap___aeabi_ddiv
                0x100020ae                __wrap___aeabi_dmul
 .text.__wrap___aeabi_cdcmple
                0x100020c8       0x6c CMakeFiles/02-control.dir/home/nasil/Repositories/pico/pico-sdk/src/rp2_common/pico_double/double_aeabi_rp2040.S.o
                0x100020c8                __wrap___aeabi_cdrcmple
                0x100020d8                __wrap___aeabi_cdcmple
                0x100020d8                __wrap___aeabi_cdcmpeq
 .text.__wrap___aeabi_dcmpeq
                0x10002134       0x10 CMakeFiles/02-control.dir/home/nasil/Repositories/pico/pico-sdk/src/rp2_common/pico_double/double_aeabi_rp2040.S.o
                0x10002134                __wrap___aeabi_dcmpeq
 .text.__wrap___aeabi_dcmplt
                0x10002144        0xc CMakeFiles/02-control.dir/home/nasil/Repositories/pico/pico-sdk/src/rp2_common/pico_double/double_aeabi_rp2040.S.o
                0x10002144                __wrap___aeabi_dcmplt
 .text.__wrap___aeabi_dcmple
                0x10002150       0x10 CMakeFiles/02-control.dir/home/nasil/Repositories/pico/pico-sdk/src/rp2_common/pico_double/double_aeabi_rp2040.S.o
                0x10002150                __wrap___aeabi_dcmple
 .text.__wrap___aeabi_dcmpge
                0x10002160       0x10 CMakeFiles/02-control.dir/home/nasil/Repositories/pico/pico-sdk/src/rp2_common/pico_double/double_aeabi_rp2040.S.o
                0x10002160                __wrap___aeabi_dcmpge
 .text.__wrap___aeabi_dcmpgt
                0x10002170        0xa CMakeFiles/02-control.dir/home/nasil/Repositories/pico/pico-sdk/src/rp2_common/pico_double/double_aeabi_rp2040.S.o
                0x10002170                __wrap___aeabi_dcmpgt
 .text.__wrap___aeabi_dcmpun
                0x1000217a       0x18 CMakeFiles/02-control.dir/home/nasil/Repositories/pico/pico-sdk/src/rp2_common/pico_double/double_aeabi_rp2040.S.o
                0x1000217a                __wrap___aeabi_dcmpun
 *fill*         0x10002192        0x2 
 .text.__wrap___aeabi_i2d
                0x10002194       0x38 CMakeFiles/02-control.dir/home/nasil/Repositories/pico/pico-sdk/src/rp2_common/pico_double/double_aeabi_rp2040.S.o
                0x10002194                __wrap___aeabi_ui2d
                0x10002194                uint2double
                0x1000219c                __wrap___aeabi_i2d
                0x1000219c                int2double
 .text.__wrap___aeabi_d2iz
                0x100021cc       0x48 CMakeFiles/02-control.dir/home/nasil/Repositories/pico/pico-sdk/src/rp2_common/pico_double/double_aeabi_rp2040.S.o
                0x100021cc                __wrap___aeabi_d2iz
                0x100021cc                double2int_z
 .text.__wrap___aeabi_d2uiz
                0x10002214       0x18 CMakeFiles/02-control.dir/home/nasil/Repositories/pico/pico-sdk/src/rp2_common/pico_double/double_aeabi_rp2040.S.o
                0x10002214                double2uint_z
                0x10002214                double2uint
                0x10002214                __wrap___aeabi_d2uiz
 .text.__wrap___aeabi_l2d
                0x1000222c       0x18 CMakeFiles/02-control.dir/home/nasil/Repositories/pico/pico-sdk/src/rp2_common/pico_double/double_aeabi_rp2040.S.o
                0x1000222c                __wrap___aeabi_l2d
                0x1000222c                int642double
 .text.__wrap___aeabi_d2lz
                0x10002244       0x26 CMakeFiles/02-control.dir/home/nasil/Repositories/pico/pico-sdk/src/rp2_common/pico_double/double_aeabi_rp2040.S.o
                0x10002244                __wrap___aeabi_d2lz
                0x10002244                double2int64_z
 *fill*         0x1000226a        0x2 
 .text.double2int64
                0x1000226c       0x18 CMakeFiles/02-control.dir/home/nasil/Repositories/pico/pico-sdk/src/rp2_common/pico_double/double_aeabi_rp2040.S.o
                0x1000226c                double2int64
 .text.double2ufix64
                0x10002284       0x18 CMakeFiles/02-control.dir/home/nasil/Repositories/pico/pico-sdk/src/rp2_common/pico_double/double_aeabi_rp2040.S.o
                0x10002284                double2ufix64
                0x10002284                double2ufix64_z
 .text.__wrap___aeabi_d2f
                0x1000229c       0x18 CMakeFiles/02-control.dir/home/nasil/Repositories/pico/pico-sdk/src/rp2_common/pico_double/double_aeabi_rp2040.S.o
                0x1000229c                __wrap___aeabi_d2f
 .text.__aeabi_double_init
                0x100022b4       0xa4 CMakeFiles/02-control.dir/home/nasil/Repositories/pico/pico-sdk/src/rp2_common/pico_double/double_init_rom_rp2040.c.o
                0x100022b4                __aeabi_double_init
 .text.double_table_shim_on_use_helper
                0x10002358       0x2c CMakeFiles/02-control.dir/home/nasil/Repositories/pico/pico-sdk/src/rp2_common/pico_double/double_v1_rom_shim_rp2040.S.o
                0x10002358                double_table_shim_on_use_helper
 .text.__wrap___aeabi_dsub
                0x10002384       0x10 CMakeFiles/02-control.dir/home/nasil/Repositories/pico/pico-sdk/src/rp2_common/pico_double/double_v1_rom_shim_rp2040.S.o
                0x10002384                drsub_shim
                0x1000238a                dsub_shim
 .text.dadd_shim
                0x10002394      0x15c CMakeFiles/02-control.dir/home/nasil/Repositories/pico/pico-sdk/src/rp2_common/pico_double/double_v1_rom_shim_rp2040.S.o
                0x10002394                dadd_shim
 .text.dmul_shim
                0x100024f0      0x15c CMakeFiles/02-control.dir/home/nasil/Repositories/pico/pico-sdk/src/rp2_common/pico_double/double_v1_rom_shim_rp2040.S.o
                0x100024f0                dmul_shim
 .text.ddiv_shim
                0x1000264c      0x1b0 CMakeFiles/02-control.dir/home/nasil/Repositories/pico/pico-sdk/src/rp2_common/pico_double/double_v1_rom_shim_rp2040.S.o
                0x1000264c                ddiv_shim
 .text.double2uint_shim
                0x100027fc        0xe CMakeFiles/02-control.dir/home/nasil/Repositories/pico/pico-sdk/src/rp2_common/pico_double/double_v1_rom_shim_rp2040.S.o
                0x100027fc                double2uint_shim
                0x100027fe                double2ufix_shim
 .text.double2int64_shim
                0x1000280a       0x1a CMakeFiles/02-control.dir/home/nasil/Repositories/pico/pico-sdk/src/rp2_common/pico_double/double_v1_rom_shim_rp2040.S.o
                0x1000280a                double2int64_shim
                0x1000280c                double2fix64_shim
 .text.double2uint64_shim
                0x10002824       0x70 CMakeFiles/02-control.dir/home/nasil/Repositories/pico/pico-sdk/src/rp2_common/pico_double/double_v1_rom_shim_rp2040.S.o
                0x10002824                double2uint64_shim
                0x10002826                double2ufix64_shim
                0x10002846                d2fix_a
 .text.double2float_shim
                0x10002894       0x5c CMakeFiles/02-control.dir/home/nasil/Repositories/pico/pico-sdk/src/rp2_common/pico_double/double_v1_rom_shim_rp2040.S.o
                0x10002894                double2float_shim
 .text.x2double_shims
                0x100028f0       0x90 CMakeFiles/02-control.dir/home/nasil/Repositories/pico/pico-sdk/src/rp2_common/pico_double/double_v1_rom_shim_rp2040.S.o
                0x100028f0                uint2double_shim
                0x100028f2                ufix2double_shim
                0x100028f8                int2double_shim
                0x100028fa                fix2double_shim
                0x10002900                uint642double_shim
                0x10002902                ufix642double_shim
                0x10002908                int642double_shim
                0x1000290a                fix642double_shim
 .text.dunpacks
                0x10002980       0x3c CMakeFiles/02-control.dir/home/nasil/Repositories/pico/pico-sdk/src/rp2_common/pico_double/double_v1_rom_shim_rp2040.S.o
                0x10002980                dunpacks
 .text.__aeabi_lmul
                0x100029bc       0x32 CMakeFiles/02-control.dir/home/nasil/Repositories/pico/pico-sdk/src/rp2_common/pico_int64_ops/pico_int64_ops_aeabi.S.o
                0x100029bc                __wrap___aeabi_lmul
 *fill*         0x100029ee        0x2 
 .text.__wrap___aeabi_cfcmple
                0x100029f0       0x50 CMakeFiles/02-control.dir/home/nasil/Repositories/pico/pico-sdk/src/rp2_common/pico_float/float_aeabi_rp2040.S.o
                0x100029f0                __wrap___aeabi_cfrcmple
                0x100029fc                __wrap___aeabi_cfcmpeq
                0x100029fc                __wrap___aeabi_cfcmple
 .text.__wrap___aeabi_fcmple
                0x10002a40       0x10 CMakeFiles/02-control.dir/home/nasil/Repositories/pico/pico-sdk/src/rp2_common/pico_float/float_aeabi_rp2040.S.o
                0x10002a40                __wrap___aeabi_fcmple
 .text.__wrap___aeabi_fcmpun
                0x10002a50       0x18 CMakeFiles/02-control.dir/home/nasil/Repositories/pico/pico-sdk/src/rp2_common/pico_float/float_aeabi_rp2040.S.o
                0x10002a50                __wrap___aeabi_fcmpun
 .text.__aeabi_float_init
                0x10002a68       0x64 CMakeFiles/02-control.dir/home/nasil/Repositories/pico/pico-sdk/src/rp2_common/pico_float/float_init_rom_rp2040.c.o
                0x10002a68                __aeabi_float_init
 .text.float_table_shim_on_use_helper
                0x10002acc       0x2c CMakeFiles/02-control.dir/home/nasil/Repositories/pico/pico-sdk/src/rp2_common/pico_float/float_v1_rom_shim_rp2040.S.o
                0x10002acc                float_table_shim_on_use_helper
 .text          0x10002af8       0x10 CMakeFiles/02-control.dir/home/nasil/Repositories/pico/pico-sdk/src/rp2_common/pico_mem_ops/mem_ops_aeabi.S.o
                0x10002af8                __aeabi_mem_init
 .text.memset   0x10002b08        0xc CMakeFiles/02-control.dir/home/nasil/Repositories/pico/pico-sdk/src/rp2_common/pico_mem_ops/mem_ops_aeabi.S.o
                0x10002b08                __wrap_memset
 .text.memcpy   0x10002b14        0xc CMakeFiles/02-control.dir/home/nasil/Repositories/pico/pico-sdk/src/rp2_common/pico_mem_ops/mem_ops_aeabi.S.o
                0x10002b14                __wrap___aeabi_memcpy
                0x10002b14                __wrap_memcpy
 .text._out_buffer
                0x10002b20        0x8 CMakeFiles/02-control.dir/home/nasil/Repositories/pico/pico-sdk/src/rp2_common/pico_printf/printf.c.o
 .text._out_null
                0x10002b28        0x4 CMakeFiles/02-control.dir/home/nasil/Repositories/pico/pico-sdk/src/rp2_common/pico_printf/printf.c.o
 .text._out_rev
                0x10002b2c       0xac CMakeFiles/02-control.dir/home/nasil/Repositories/pico/pico-sdk/src/rp2_common/pico_printf/printf.c.o
 .text._ntoa_format
                0x10002bd8      0x250 CMakeFiles/02-control.dir/home/nasil/Repositories/pico/pico-sdk/src/rp2_common/pico_printf/printf.c.o
 .text._out_char
                0x10002e28       0x10 CMakeFiles/02-control.dir/home/nasil/Repositories/pico/pico-sdk/src/rp2_common/pico_printf/printf.c.o
 .text._out_fct
                0x10002e38       0x10 CMakeFiles/02-control.dir/home/nasil/Repositories/pico/pico-sdk/src/rp2_common/pico_printf/printf.c.o
 .text._etoa    0x10002e48      0x464 CMakeFiles/02-control.dir/home/nasil/Repositories/pico/pico-sdk/src/rp2_common/pico_printf/printf.c.o
 .text._ftoa    0x100032ac      0x3c0 CMakeFiles/02-control.dir/home/nasil/Repositories/pico/pico-sdk/src/rp2_common/pico_printf/printf.c.o
 .text._vsnprintf
                0x1000366c      0xbc8 CMakeFiles/02-control.dir/home/nasil/Repositories/pico/pico-sdk/src/rp2_common/pico_printf/printf.c.o
 .text.__wrap_sprintf
                0x10004234       0x2c CMakeFiles/02-control.dir/home/nasil/Repositories/pico/pico-sdk/src/rp2_common/pico_printf/printf.c.o
                0x10004234                __wrap_sprintf
 .text.vfctprintf
                0x10004260       0x20 CMakeFiles/02-control.dir/home/nasil/Repositories/pico/pico-sdk/src/rp2_common/pico_printf/printf.c.o
                0x10004260                vfctprintf
 .text.weak_raw_printf
                0x10004280       0x40 CMakeFiles/02-control.dir/home/nasil/Repositories/pico/pico-sdk/src/rp2_common/pico_printf/printf.c.o
                0x10004280                weak_raw_printf
 .text.weak_raw_vprintf
                0x100042c0       0x30 CMakeFiles/02-control.dir/home/nasil/Repositories/pico/pico-sdk/src/rp2_common/pico_printf/printf.c.o
                0x100042c0                weak_raw_vprintf
 .text._exit    0x100042f0        0x4 CMakeFiles/02-control.dir/home/nasil/Repositories/pico/pico-sdk/src/rp2_common/pico_clib_interface/newlib_interface.c.o
                0x100042f0                _exit
 .text._sbrk    0x100042f4       0x34 CMakeFiles/02-control.dir/home/nasil/Repositories/pico/pico-sdk/src/rp2_common/pico_clib_interface/newlib_interface.c.o
                0x100042f4                _sbrk
 .text._read    0x10004328       0x24 CMakeFiles/02-control.dir/home/nasil/Repositories/pico/pico-sdk/src/rp2_common/pico_clib_interface/newlib_interface.c.o
                0x10004328                _read
 .text._write   0x1000434c       0x24 CMakeFiles/02-control.dir/home/nasil/Repositories/pico/pico-sdk/src/rp2_common/pico_clib_interface/newlib_interface.c.o
                0x1000434c                _write
 .text._close   0x10004370        0x8 CMakeFiles/02-control.dir/home/nasil/Repositories/pico/pico-sdk/src/rp2_common/pico_clib_interface/newlib_interface.c.o
                0x10004370                _close
 .text._lseek   0x10004378        0x8 CMakeFiles/02-control.dir/home/nasil/Repositories/pico/pico-sdk/src/rp2_common/pico_clib_interface/newlib_interface.c.o
                0x10004378                _lseek
 .text.exit     0x10004380        0x8 CMakeFiles/02-control.dir/home/nasil/Repositories/pico/pico-sdk/src/rp2_common/pico_clib_interface/newlib_interface.c.o
                0x10004380                exit
 .text.__assert_func
                0x10004388       0x38 CMakeFiles/02-control.dir/home/nasil/Repositories/pico/pico-sdk/src/rp2_common/pico_clib_interface/newlib_interface.c.o
                0x10004388                __assert_func
 .text.runtime_init
                0x100043c0       0x2c CMakeFiles/02-control.dir/home/nasil/Repositories/pico/pico-sdk/src/rp2_common/pico_clib_interface/newlib_interface.c.o
                0x100043c0                runtime_init
 .text.stdio_out_chars_no_crlf
                0x100043ec       0x10 CMakeFiles/02-control.dir/home/nasil/Repositories/pico/pico-sdk/src/rp2_common/pico_stdio/stdio.c.o
 .text.stdio_out_chars_crlf
                0x100043fc       0x94 CMakeFiles/02-control.dir/home/nasil/Repositories/pico/pico-sdk/src/rp2_common/pico_stdio/stdio.c.o
 .text.stdio_buffered_printer
                0x10004490       0x64 CMakeFiles/02-control.dir/home/nasil/Repositories/pico/pico-sdk/src/rp2_common/pico_stdio/stdio.c.o
 .text.stdio_put_string
                0x100044f4      0x100 CMakeFiles/02-control.dir/home/nasil/Repositories/pico/pico-sdk/src/rp2_common/pico_stdio/stdio.c.o
                0x100044f4                stdio_put_string
 .text.stdio_get_until
                0x100045f4       0x84 CMakeFiles/02-control.dir/home/nasil/Repositories/pico/pico-sdk/src/rp2_common/pico_stdio/stdio.c.o
                0x100045f4                stdio_get_until
 .text.stdio_set_driver_enabled
                0x10004678       0x30 CMakeFiles/02-control.dir/home/nasil/Repositories/pico/pico-sdk/src/rp2_common/pico_stdio/stdio.c.o
                0x10004678                stdio_set_driver_enabled
 .text.stdio_init_all
                0x100046a8        0x8 CMakeFiles/02-control.dir/home/nasil/Repositories/pico/pico-sdk/src/rp2_common/pico_stdio/stdio.c.o
                0x100046a8                stdio_init_all
 .text.stdio_getchar_timeout_us
                0x100046b0       0x98 CMakeFiles/02-control.dir/home/nasil/Repositories/pico/pico-sdk/src/rp2_common/pico_stdio/stdio.c.o
                0x100046b0                stdio_getchar_timeout_us
 .text.__wrap_putchar
                0x10004748       0x98 CMakeFiles/02-control.dir/home/nasil/Repositories/pico/pico-sdk/src/rp2_common/pico_stdio/stdio.c.o
                0x10004748                stdio_putchar
                0x10004748                __wrap_putchar
 .text.__wrap_puts
                0x100047e0       0x3c CMakeFiles/02-control.dir/home/nasil/Repositories/pico/pico-sdk/src/rp2_common/pico_stdio/stdio.c.o
                0x100047e0                __wrap_puts
                0x100047e0                stdio_puts
 .text.__wrap_vprintf
                0x1000481c       0xd4 CMakeFiles/02-control.dir/home/nasil/Repositories/pico/pico-sdk/src/rp2_common/pico_stdio/stdio.c.o
                0x1000481c                __wrap_vprintf
                0x1000481c                stdio_vprintf
 .text.__wrap_printf
                0x100048f0       0x18 CMakeFiles/02-control.dir/home/nasil/Repositories/pico/pico-sdk/src/rp2_common/pico_stdio/stdio.c.o
                0x100048f0                stdio_printf
                0x100048f0                __wrap_printf
 .text.resetd_init
                0x10004908        0x4 CMakeFiles/02-control.dir/home/nasil/Repositories/pico/pico-sdk/src/rp2_common/pico_stdio_usb/reset_interface.c.o
 .text.resetd_reset
                0x1000490c        0xc CMakeFiles/02-control.dir/home/nasil/Repositories/pico/pico-sdk/src/rp2_common/pico_stdio_usb/reset_interface.c.o
 .text.resetd_open
                0x10004918       0x28 CMakeFiles/02-control.dir/home/nasil/Repositories/pico/pico-sdk/src/rp2_common/pico_stdio_usb/reset_interface.c.o
 .text.resetd_xfer_cb
                0x10004940        0x4 CMakeFiles/02-control.dir/home/nasil/Repositories/pico/pico-sdk/src/rp2_common/pico_stdio_usb/reset_interface.c.o
 .text.resetd_control_xfer_cb
                0x10004944       0x5c CMakeFiles/02-control.dir/home/nasil/Repositories/pico/pico-sdk/src/rp2_common/pico_stdio_usb/reset_interface.c.o
 .text.tud_descriptor_bos_cb
                0x100049a0        0x8 CMakeFiles/02-control.dir/home/nasil/Repositories/pico/pico-sdk/src/rp2_common/pico_stdio_usb/reset_interface.c.o
                0x100049a0                tud_descriptor_bos_cb
 .text.tud_vendor_control_xfer_cb
                0x100049a8       0x34 CMakeFiles/02-control.dir/home/nasil/Repositories/pico/pico-sdk/src/rp2_common/pico_stdio_usb/reset_interface.c.o
                0x100049a8                tud_vendor_control_xfer_cb
 .text.usbd_app_driver_get_cb
                0x100049dc        0xc CMakeFiles/02-control.dir/home/nasil/Repositories/pico/pico-sdk/src/rp2_common/pico_stdio_usb/reset_interface.c.o
                0x100049dc                usbd_app_driver_get_cb
 .text.tud_cdc_line_coding_cb
                0x100049e8       0x2c CMakeFiles/02-control.dir/home/nasil/Repositories/pico/pico-sdk/src/rp2_common/pico_stdio_usb/reset_interface.c.o
                0x100049e8                tud_cdc_line_coding_cb
 .text.stdio_usb_set_chars_available_callback
                0x10004a14       0x14 CMakeFiles/02-control.dir/home/nasil/Repositories/pico/pico-sdk/src/rp2_common/pico_stdio_usb/stdio_usb.c.o
                0x10004a14                stdio_usb_set_chars_available_callback
 .text.usb_irq  0x10004a28       0x10 CMakeFiles/02-control.dir/home/nasil/Repositories/pico/pico-sdk/src/rp2_common/pico_stdio_usb/stdio_usb.c.o
 .text.timer_task
                0x10004a38       0x64 CMakeFiles/02-control.dir/home/nasil/Repositories/pico/pico-sdk/src/rp2_common/pico_stdio_usb/stdio_usb.c.o
 .text.stdio_usb_in_chars
                0x10004a9c       0x90 CMakeFiles/02-control.dir/home/nasil/Repositories/pico/pico-sdk/src/rp2_common/pico_stdio_usb/stdio_usb.c.o
                0x10004a9c                stdio_usb_in_chars
 .text.stdio_usb_out_flush
                0x10004b2c       0x50 CMakeFiles/02-control.dir/home/nasil/Repositories/pico/pico-sdk/src/rp2_common/pico_stdio_usb/stdio_usb.c.o
 .text.stdio_usb_out_chars
                0x10004b7c      0x104 CMakeFiles/02-control.dir/home/nasil/Repositories/pico/pico-sdk/src/rp2_common/pico_stdio_usb/stdio_usb.c.o
 .text.low_priority_worker_irq
                0x10004c80       0xcc CMakeFiles/02-control.dir/home/nasil/Repositories/pico/pico-sdk/src/rp2_common/pico_stdio_usb/stdio_usb.c.o
 .text.stdio_usb_init
                0x10004d4c       0xec CMakeFiles/02-control.dir/home/nasil/Repositories/pico/pico-sdk/src/rp2_common/pico_stdio_usb/stdio_usb.c.o
                0x10004d4c                stdio_usb_init
 .text.tud_descriptor_device_cb
                0x10004e38        0x8 CMakeFiles/02-control.dir/home/nasil/Repositories/pico/pico-sdk/src/rp2_common/pico_stdio_usb/stdio_usb_descriptors.c.o
                0x10004e38                tud_descriptor_device_cb
 .text.tud_descriptor_configuration_cb
                0x10004e40        0x8 CMakeFiles/02-control.dir/home/nasil/Repositories/pico/pico-sdk/src/rp2_common/pico_stdio_usb/stdio_usb_descriptors.c.o
                0x10004e40                tud_descriptor_configuration_cb
 .text.tud_descriptor_string_cb
                0x10004e48       0x78 CMakeFiles/02-control.dir/home/nasil/Repositories/pico/pico-sdk/src/rp2_common/pico_stdio_usb/stdio_usb_descriptors.c.o
                0x10004e48                tud_descriptor_string_cb
 .text.startup._retrieve_unique_id_on_boot
                0x10004ec0       0x10 CMakeFiles/02-control.dir/home/nasil/Repositories/pico/pico-sdk/src/rp2_common/pico_unique_id/unique_id.c.o
 .text.pico_get_unique_board_id_string
                0x10004ed0      0x1a8 CMakeFiles/02-control.dir/home/nasil/Repositories/pico/pico-sdk/src/rp2_common/pico_unique_id/unique_id.c.o
                0x10004ed0                pico_get_unique_board_id_string
 .text.flash_get_unique_id
                0x10005078       0x3c CMakeFiles/02-control.dir/home/nasil/Repositories/pico/pico-sdk/src/rp2_common/hardware_flash/flash.c.o
                0x10005078                flash_get_unique_id
 .text.dcd_init
                0x100050b4       0x90 CMakeFiles/02-control.dir/home/nasil/Repositories/pico/pico-sdk/lib/tinyusb/src/portable/raspberrypi/rp2040/dcd_rp2040.c.o
                0x100050b4                dcd_init
 .text.dcd_int_enable
                0x10005144        0xc CMakeFiles/02-control.dir/home/nasil/Repositories/pico/pico-sdk/lib/tinyusb/src/portable/raspberrypi/rp2040/dcd_rp2040.c.o
                0x10005144                dcd_int_enable
 .text.dcd_set_address
                0x10005150       0x14 CMakeFiles/02-control.dir/home/nasil/Repositories/pico/pico-sdk/lib/tinyusb/src/portable/raspberrypi/rp2040/dcd_rp2040.c.o
                0x10005150                dcd_set_address
 .text.dcd_sof_enable
                0x10005164       0x1c CMakeFiles/02-control.dir/home/nasil/Repositories/pico/pico-sdk/lib/tinyusb/src/portable/raspberrypi/rp2040/dcd_rp2040.c.o
                0x10005164                dcd_sof_enable
 .text.dcd_edpt0_status_complete
                0x10005180       0x1c CMakeFiles/02-control.dir/home/nasil/Repositories/pico/pico-sdk/lib/tinyusb/src/portable/raspberrypi/rp2040/dcd_rp2040.c.o
                0x10005180                dcd_edpt0_status_complete
 .text.dcd_edpt_open
                0x1000519c      0x114 CMakeFiles/02-control.dir/home/nasil/Repositories/pico/pico-sdk/lib/tinyusb/src/portable/raspberrypi/rp2040/dcd_rp2040.c.o
                0x1000519c                dcd_edpt_open
 .text.dcd_edpt_close_all
                0x100052b0        0x8 CMakeFiles/02-control.dir/home/nasil/Repositories/pico/pico-sdk/lib/tinyusb/src/portable/raspberrypi/rp2040/dcd_rp2040.c.o
                0x100052b0                dcd_edpt_close_all
 .text.dcd_edpt_xfer
                0x100052b8       0x24 CMakeFiles/02-control.dir/home/nasil/Repositories/pico/pico-sdk/lib/tinyusb/src/portable/raspberrypi/rp2040/dcd_rp2040.c.o
                0x100052b8                dcd_edpt_xfer
 .text.dcd_edpt_stall
                0x100052dc       0x34 CMakeFiles/02-control.dir/home/nasil/Repositories/pico/pico-sdk/lib/tinyusb/src/portable/raspberrypi/rp2040/dcd_rp2040.c.o
                0x100052dc                dcd_edpt_stall
 .text.dcd_edpt_clear_stall
                0x10005310       0x30 CMakeFiles/02-control.dir/home/nasil/Repositories/pico/pico-sdk/lib/tinyusb/src/portable/raspberrypi/rp2040/dcd_rp2040.c.o
                0x10005310                dcd_edpt_clear_stall
 .text.rp2040_usb_init
                0x10005340       0x40 CMakeFiles/02-control.dir/home/nasil/Repositories/pico/pico-sdk/lib/tinyusb/src/portable/raspberrypi/rp2040/rp2040_usb.c.o
                0x10005340                rp2040_usb_init
 .text.hw_endpoint_xfer_start
                0x10005380       0x40 CMakeFiles/02-control.dir/home/nasil/Repositories/pico/pico-sdk/lib/tinyusb/src/portable/raspberrypi/rp2040/rp2040_usb.c.o
                0x10005380                hw_endpoint_xfer_start
 .text.tud_event_hook_cb
                0x100053c0        0x4 CMakeFiles/02-control.dir/home/nasil/Repositories/pico/pico-sdk/lib/tinyusb/src/device/usbd.c.o
                0x100053c0                tud_event_hook_cb
 .text.tud_sof_cb
                0x100053c4        0x4 CMakeFiles/02-control.dir/home/nasil/Repositories/pico/pico-sdk/lib/tinyusb/src/device/usbd.c.o
                0x100053c4                tud_sof_cb
 .text.tud_descriptor_device_qualifier_cb
                0x100053c8        0x4 CMakeFiles/02-control.dir/home/nasil/Repositories/pico/pico-sdk/lib/tinyusb/src/device/usbd.c.o
                0x100053c8                tud_descriptor_device_qualifier_cb
 .text.tud_descriptor_other_speed_configuration_cb
                0x100053cc        0x4 CMakeFiles/02-control.dir/home/nasil/Repositories/pico/pico-sdk/lib/tinyusb/src/device/usbd.c.o
                0x100053cc                tud_descriptor_other_speed_configuration_cb
 .text.tud_mount_cb
                0x100053d0        0x4 CMakeFiles/02-control.dir/home/nasil/Repositories/pico/pico-sdk/lib/tinyusb/src/device/usbd.c.o
                0x100053d0                tud_mount_cb
 .text.tud_umount_cb
                0x100053d4        0x4 CMakeFiles/02-control.dir/home/nasil/Repositories/pico/pico-sdk/lib/tinyusb/src/device/usbd.c.o
                0x100053d4                tud_umount_cb
 .text.tud_suspend_cb
                0x100053d8        0x4 CMakeFiles/02-control.dir/home/nasil/Repositories/pico/pico-sdk/lib/tinyusb/src/device/usbd.c.o
                0x100053d8                tud_suspend_cb
 .text.tud_resume_cb
                0x100053dc        0x4 CMakeFiles/02-control.dir/home/nasil/Repositories/pico/pico-sdk/lib/tinyusb/src/device/usbd.c.o
                0x100053dc                tud_resume_cb
 .text.tud_mounted
                0x100053e0       0x10 CMakeFiles/02-control.dir/home/nasil/Repositories/pico/pico-sdk/lib/tinyusb/src/device/usbd.c.o
                0x100053e0                tud_mounted
 .text.tud_suspended
                0x100053f0       0x10 CMakeFiles/02-control.dir/home/nasil/Repositories/pico/pico-sdk/lib/tinyusb/src/device/usbd.c.o
                0x100053f0                tud_suspended
 .text.tud_rhport_init
                0x10005400       0xfc CMakeFiles/02-control.dir/home/nasil/Repositories/pico/pico-sdk/lib/tinyusb/src/device/usbd.c.o
                0x10005400                tud_rhport_init
 .text.tud_task_ext
                0x100054fc      0x800 CMakeFiles/02-control.dir/home/nasil/Repositories/pico/pico-sdk/lib/tinyusb/src/device/usbd.c.o
                0x100054fc                tud_task_ext
 .text.usbd_open_edpt_pair
                0x10005cfc       0x9c CMakeFiles/02-control.dir/home/nasil/Repositories/pico/pico-sdk/lib/tinyusb/src/device/usbd.c.o
                0x10005cfc                usbd_open_edpt_pair
 .text.usbd_edpt_open
                0x10005d98       0x34 CMakeFiles/02-control.dir/home/nasil/Repositories/pico/pico-sdk/lib/tinyusb/src/device/usbd.c.o
                0x10005d98                usbd_edpt_open
 .text.usbd_edpt_claim
                0x10005dcc       0x28 CMakeFiles/02-control.dir/home/nasil/Repositories/pico/pico-sdk/lib/tinyusb/src/device/usbd.c.o
                0x10005dcc                usbd_edpt_claim
 .text.usbd_edpt_release
                0x10005df4       0x28 CMakeFiles/02-control.dir/home/nasil/Repositories/pico/pico-sdk/lib/tinyusb/src/device/usbd.c.o
                0x10005df4                usbd_edpt_release
 .text.usbd_edpt_xfer
                0x10005e1c       0x4c CMakeFiles/02-control.dir/home/nasil/Repositories/pico/pico-sdk/lib/tinyusb/src/device/usbd.c.o
                0x10005e1c                usbd_edpt_xfer
 .text.tud_control_status
                0x10005e68       0x2c CMakeFiles/02-control.dir/home/nasil/Repositories/pico/pico-sdk/lib/tinyusb/src/device/usbd_control.c.o
                0x10005e68                tud_control_status
 .text.tud_control_xfer
                0x10005e94       0xac CMakeFiles/02-control.dir/home/nasil/Repositories/pico/pico-sdk/lib/tinyusb/src/device/usbd_control.c.o
                0x10005e94                tud_control_xfer
 .text.usbd_control_reset
                0x10005f40       0x14 CMakeFiles/02-control.dir/home/nasil/Repositories/pico/pico-sdk/lib/tinyusb/src/device/usbd_control.c.o
                0x10005f40                usbd_control_reset
 .text.usbd_control_set_complete_callback
                0x10005f54        0xc CMakeFiles/02-control.dir/home/nasil/Repositories/pico/pico-sdk/lib/tinyusb/src/device/usbd_control.c.o
                0x10005f54                usbd_control_set_complete_callback
 .text.usbd_control_set_request
                0x10005f60       0x1c CMakeFiles/02-control.dir/home/nasil/Repositories/pico/pico-sdk/lib/tinyusb/src/device/usbd_control.c.o
                0x10005f60                usbd_control_set_request
 .text.usbd_control_xfer_cb
                0x10005f7c       0xec CMakeFiles/02-control.dir/home/nasil/Repositories/pico/pico-sdk/lib/tinyusb/src/device/usbd_control.c.o
                0x10005f7c                usbd_control_xfer_cb
 .text._prep_out_transaction.isra.0
                0x10006068       0x6c CMakeFiles/02-control.dir/home/nasil/Repositories/pico/pico-sdk/lib/tinyusb/src/class/cdc/cdc_device.c.o
 .text.tud_cdc_n_connected
                0x100060d4       0x2c CMakeFiles/02-control.dir/home/nasil/Repositories/pico/pico-sdk/lib/tinyusb/src/class/cdc/cdc_device.c.o
                0x100060d4                tud_cdc_n_connected
 .text.tud_cdc_n_available
                0x10006100       0x14 CMakeFiles/02-control.dir/home/nasil/Repositories/pico/pico-sdk/lib/tinyusb/src/class/cdc/cdc_device.c.o
                0x10006100                tud_cdc_n_available
 .text.tud_cdc_n_read
                0x10006114       0x94 CMakeFiles/02-control.dir/home/nasil/Repositories/pico/pico-sdk/lib/tinyusb/src/class/cdc/cdc_device.c.o
                0x10006114                tud_cdc_n_read
 .text.tud_cdc_n_write_flush
                0x100061a8       0x74 CMakeFiles/02-control.dir/home/nasil/Repositories/pico/pico-sdk/lib/tinyusb/src/class/cdc/cdc_device.c.o
                0x100061a8                tud_cdc_n_write_flush
 .text.tud_cdc_n_write
                0x1000621c       0x40 CMakeFiles/02-control.dir/home/nasil/Repositories/pico/pico-sdk/lib/tinyusb/src/class/cdc/cdc_device.c.o
                0x1000621c                tud_cdc_n_write
 .text.tud_cdc_n_write_available
                0x1000625c       0x14 CMakeFiles/02-control.dir/home/nasil/Repositories/pico/pico-sdk/lib/tinyusb/src/class/cdc/cdc_device.c.o
                0x1000625c                tud_cdc_n_write_available
 .text.cdcd_init
                0x10006270       0x70 CMakeFiles/02-control.dir/home/nasil/Repositories/pico/pico-sdk/lib/tinyusb/src/class/cdc/cdc_device.c.o
                0x10006270                cdcd_init
 .text.cdcd_deinit
                0x100062e0       0x34 CMakeFiles/02-control.dir/home/nasil/Repositories/pico/pico-sdk/lib/tinyusb/src/class/cdc/cdc_device.c.o
                0x100062e0                cdcd_deinit
 .text.cdcd_reset
                0x10006314       0x4c CMakeFiles/02-control.dir/home/nasil/Repositories/pico/pico-sdk/lib/tinyusb/src/class/cdc/cdc_device.c.o
                0x10006314                cdcd_reset
 .text.cdcd_open
                0x10006360       0xa8 CMakeFiles/02-control.dir/home/nasil/Repositories/pico/pico-sdk/lib/tinyusb/src/class/cdc/cdc_device.c.o
                0x10006360                cdcd_open
 .text.cdcd_control_xfer_cb
                0x10006408       0xe8 CMakeFiles/02-control.dir/home/nasil/Repositories/pico/pico-sdk/lib/tinyusb/src/class/cdc/cdc_device.c.o
                0x10006408                cdcd_control_xfer_cb
 .text.cdcd_xfer_cb
                0x100064f0      0x100 CMakeFiles/02-control.dir/home/nasil/Repositories/pico/pico-sdk/lib/tinyusb/src/class/cdc/cdc_device.c.o
                0x100064f0                cdcd_xfer_cb
 .text.vendord_init
                0x100065f0       0x5c CMakeFiles/02-control.dir/home/nasil/Repositories/pico/pico-sdk/lib/tinyusb/src/class/vendor/vendor_device.c.o
                0x100065f0                vendord_init
 .text.vendord_deinit
                0x1000664c       0x1c CMakeFiles/02-control.dir/home/nasil/Repositories/pico/pico-sdk/lib/tinyusb/src/class/vendor/vendor_device.c.o
                0x1000664c                vendord_deinit
 .text.vendord_reset
                0x10006668       0x28 CMakeFiles/02-control.dir/home/nasil/Repositories/pico/pico-sdk/lib/tinyusb/src/class/vendor/vendor_device.c.o
                0x10006668                vendord_reset
 .text.vendord_open
                0x10006690      0x128 CMakeFiles/02-control.dir/home/nasil/Repositories/pico/pico-sdk/lib/tinyusb/src/class/vendor/vendor_device.c.o
                0x10006690                vendord_open
 .text.vendord_xfer_cb
                0x100067b8       0x9c CMakeFiles/02-control.dir/home/nasil/Repositories/pico/pico-sdk/lib/tinyusb/src/class/vendor/vendor_device.c.o
                0x100067b8                vendord_xfer_cb
 .text.tusb_rhport_init
                0x10006854       0x48 CMakeFiles/02-control.dir/home/nasil/Repositories/pico/pico-sdk/lib/tinyusb/src/tusb.c.o
                0x10006854                tusb_rhport_init
 .text.tu_edpt_claim
                0x1000689c       0x50 CMakeFiles/02-control.dir/home/nasil/Repositories/pico/pico-sdk/lib/tinyusb/src/tusb.c.o
                0x1000689c                tu_edpt_claim
 .text.tu_edpt_release
                0x100068ec       0x38 CMakeFiles/02-control.dir/home/nasil/Repositories/pico/pico-sdk/lib/tinyusb/src/tusb.c.o
                0x100068ec                tu_edpt_release
 .text.tu_edpt_validate
                0x10006924       0x7c CMakeFiles/02-control.dir/home/nasil/Repositories/pico/pico-sdk/lib/tinyusb/src/tusb.c.o
                0x10006924                tu_edpt_validate
 .text.tu_edpt_bind_driver
                0x100069a0       0x34 CMakeFiles/02-control.dir/home/nasil/Repositories/pico/pico-sdk/lib/tinyusb/src/tusb.c.o
                0x100069a0                tu_edpt_bind_driver
 .text.tu_edpt_stream_init
                0x100069d4       0x6c CMakeFiles/02-control.dir/home/nasil/Repositories/pico/pico-sdk/lib/tinyusb/src/tusb.c.o
                0x100069d4                tu_edpt_stream_init
 .text.tu_edpt_stream_deinit
                0x10006a40        0x4 CMakeFiles/02-control.dir/home/nasil/Repositories/pico/pico-sdk/lib/tinyusb/src/tusb.c.o
                0x10006a40                tu_edpt_stream_deinit
 .text.tu_edpt_stream_write_zlp_if_needed
                0x10006a44       0x68 CMakeFiles/02-control.dir/home/nasil/Repositories/pico/pico-sdk/lib/tinyusb/src/tusb.c.o
                0x10006a44                tu_edpt_stream_write_zlp_if_needed
 .text.tu_edpt_stream_write_xfer
                0x10006aac       0x64 CMakeFiles/02-control.dir/home/nasil/Repositories/pico/pico-sdk/lib/tinyusb/src/tusb.c.o
                0x10006aac                tu_edpt_stream_write_xfer
 .text.tu_edpt_stream_read_xfer
                0x10006b10       0xdc CMakeFiles/02-control.dir/home/nasil/Repositories/pico/pico-sdk/lib/tinyusb/src/tusb.c.o
                0x10006b10                tu_edpt_stream_read_xfer
 .text.tu_fifo_config
                0x10006bec       0x6c CMakeFiles/02-control.dir/home/nasil/Repositories/pico/pico-sdk/lib/tinyusb/src/common/tusb_fifo.c.o
                0x10006bec                tu_fifo_config
 .text.tu_fifo_count
                0x10006c58       0x2c CMakeFiles/02-control.dir/home/nasil/Repositories/pico/pico-sdk/lib/tinyusb/src/common/tusb_fifo.c.o
                0x10006c58                tu_fifo_count
 .text.tu_fifo_empty
                0x10006c84       0x10 CMakeFiles/02-control.dir/home/nasil/Repositories/pico/pico-sdk/lib/tinyusb/src/common/tusb_fifo.c.o
                0x10006c84                tu_fifo_empty
 .text.tu_fifo_remaining
                0x10006c94       0x2c CMakeFiles/02-control.dir/home/nasil/Repositories/pico/pico-sdk/lib/tinyusb/src/common/tusb_fifo.c.o
                0x10006c94                tu_fifo_remaining
 .text.tu_fifo_read
                0x10006cc0       0x9c CMakeFiles/02-control.dir/home/nasil/Repositories/pico/pico-sdk/lib/tinyusb/src/common/tusb_fifo.c.o
                0x10006cc0                tu_fifo_read
 .text.tu_fifo_read_n
                0x10006d5c       0xe8 CMakeFiles/02-control.dir/home/nasil/Repositories/pico/pico-sdk/lib/tinyusb/src/common/tusb_fifo.c.o
                0x10006d5c                tu_fifo_read_n
 .text.tu_fifo_write
                0x10006e44       0xa8 CMakeFiles/02-control.dir/home/nasil/Repositories/pico/pico-sdk/lib/tinyusb/src/common/tusb_fifo.c.o
                0x10006e44                tu_fifo_write
 .text.tu_fifo_write_n
                0x10006eec      0x178 CMakeFiles/02-control.dir/home/nasil/Repositories/pico/pico-sdk/lib/tinyusb/src/common/tusb_fifo.c.o
                0x10006eec                tu_fifo_write_n
 .text.tu_fifo_clear
                0x10007064       0x40 CMakeFiles/02-control.dir/home/nasil/Repositories/pico/pico-sdk/lib/tinyusb/src/common/tusb_fifo.c.o
                0x10007064                tu_fifo_clear
 .text.tu_fifo_set_overwritable
                0x100070a4       0x48 CMakeFiles/02-control.dir/home/nasil/Repositories/pico/pico-sdk/lib/tinyusb/src/common/tusb_fifo.c.o
                0x100070a4                tu_fifo_set_overwritable
 .text          0x100070ec       0xa8 /usr/lib/gcc/arm-none-eabi/13.2.1/../../../arm-none-eabi/lib/thumb/v6-m/nofp/libg.a(libc_a-sscanf.o)
                0x100070ec                sscanf
                0x10007140                _sscanf_r
 .text          0x10007194       0xc4 /usr/lib/gcc/arm-none-eabi/13.2.1/../../../arm-none-eabi/lib/thumb/v6-m/nofp/libg.a(libc_a-strchr.o)
                0x10007194                strchr
 .text          0x10007258       0x88 /usr/lib/gcc/arm-none-eabi/13.2.1/../../../arm-none-eabi/lib/thumb/v6-m/nofp/libg.a(libc_a-strcmp.o)
                0x10007258                strcmp
 .text          0x100072e0       0xa8 /usr/lib/gcc/arm-none-eabi/13.2.1/../../../arm-none-eabi/lib/thumb/v6-m/nofp/libg.a(libc_a-callocr.o)
                0x100072e0                _calloc_r
 .text          0x10007388      0x5b4 /usr/lib/gcc/arm-none-eabi/13.2.1/../../../arm-none-eabi/lib/thumb/v6-m/nofp/libg.a(libc_a-mallocr.o)
                0x10007388                _malloc_r
 .text          0x1000793c      0x288 /usr/lib/gcc/arm-none-eabi/13.2.1/../../../arm-none-eabi/lib/thumb/v6-m/nofp/libg.a(libc_a-freer.o)
                0x1000793c                _malloc_trim_r
                0x100079f0                _free_r
 .text          0x10007bc4      0xfe0 /usr/lib/gcc/arm-none-eabi/13.2.1/../../../arm-none-eabi/lib/thumb/v6-m/nofp/libg.a(libc_a-svfscanf.o)
                0x10007bc4                __ssvfscanf_r
 .text          0x10008ba4      0x190 /usr/lib/gcc/arm-none-eabi/13.2.1/../../../arm-none-eabi/lib/thumb/v6-m/nofp/libg.a(libc_a-strtol.o)
                0x10008cfc                _strtol_r
                0x10008d04                strtol_l
                0x10008d1c                strtol
 .text          0x10008d34       0x1c /usr/lib/gcc/arm-none-eabi/13.2.1/../../../arm-none-eabi/lib/thumb/v6-m/nofp/libg.a(libc_a-sysconf.o)
                0x10008d34                sysconf
 .text          0x10008d50       0xa8 /usr/lib/gcc/arm-none-eabi/13.2.1/../../../arm-none-eabi/lib/thumb/v6-m/nofp/libg.a(libc_a-stdio.o)
                0x10008d50                __sread
                0x10008d78                __seofread
                0x10008d7c                __swrite
                0x10008dbc                __sseek
                0x10008dec                __sclose
 .text          0x10008df8        0xc /usr/lib/gcc/arm-none-eabi/13.2.1/../../../arm-none-eabi/lib/thumb/v6-m/nofp/libg.a(libc_a-iswspace.o)
                0x10008df8                iswspace
 .text          0x10008e04       0x94 /usr/lib/gcc/arm-none-eabi/13.2.1/../../../arm-none-eabi/lib/thumb/v6-m/nofp/libg.a(libc_a-mbrtowc.o)
                0x10008e04                _mbrtowc_r
                0x10008e4c                mbrtowc
 .text          0x10008e98      0x350 /usr/lib/gcc/arm-none-eabi/13.2.1/../../../arm-none-eabi/lib/thumb/v6-m/nofp/libg.a(libc_a-reallocr.o)
                0x10008e98                _realloc_r
 .text          0x100091e8       0x28 /usr/lib/gcc/arm-none-eabi/13.2.1/../../../arm-none-eabi/lib/thumb/v6-m/nofp/libg.a(libc_a-writer.o)
                0x100091e8                _write_r
 .text          0x10009210        0x8 /usr/lib/gcc/arm-none-eabi/13.2.1/../../../arm-none-eabi/lib/thumb/v6-m/nofp/libg.a(libc_a-mlock.o)
                0x10009210                __malloc_lock
                0x10009214                __malloc_unlock
 .text          0x10009218      0x258 /usr/lib/gcc/arm-none-eabi/13.2.1/../../../arm-none-eabi/lib/thumb/v6-m/nofp/libg.a(libc_a-findfp.o)
                0x10009374                __sfp
                0x10009414                __sinit
                0x10009438                __sfp_lock_acquire
                0x1000943c                __sfp_lock_release
                0x10009440                __fp_lock_all
                0x10009458                __fp_unlock_all
 .text          0x10009470       0x10 /usr/lib/gcc/arm-none-eabi/13.2.1/../../../arm-none-eabi/lib/thumb/v6-m/nofp/libg.a(libc_a-atexit.o)
                0x10009470                atexit
 .text          0x10009480       0x5c /usr/lib/gcc/arm-none-eabi/13.2.1/../../../arm-none-eabi/lib/thumb/v6-m/nofp/libg.a(libc_a-strlen-stub.o)
                0x10009480                strlen
 .text          0x100094dc      0xfe0 /usr/lib/gcc/arm-none-eabi/13.2.1/../../../arm-none-eabi/lib/thumb/v6-m/nofp/libg.a(libc_a-svfiscanf.o)
                0x100094dc                _sungetc_r
                0x1000955c                __ssrefill_r
                0x1000959c                _sfread_r
                0x10009658                __ssvfiscanf_r
 .text          0x1000a4bc       0x24 /usr/lib/gcc/arm-none-eabi/13.2.1/../../../arm-none-eabi/lib/thumb/v6-m/nofp/libg.a(libc_a-sbrkr.o)
                0x1000a4bc                _sbrk_r
 .text          0x1000a4e0      0x164 /usr/lib/gcc/arm-none-eabi/13.2.1/../../../arm-none-eabi/lib/thumb/v6-m/nofp/libg.a(libc_a-ungetc.o)
                0x1000a4e0                __submore
                0x1000a564                _ungetc_r
                0x1000a62c                ungetc
 .text          0x1000a644       0x24 /usr/lib/gcc/arm-none-eabi/13.2.1/../../../arm-none-eabi/lib/thumb/v6-m/nofp/libg.a(libc_a-closer.o)
                0x1000a644                _close_r
 .text          0x1000a668       0x28 /usr/lib/gcc/arm-none-eabi/13.2.1/../../../arm-none-eabi/lib/thumb/v6-m/nofp/libg.a(libc_a-fini.o)
                0x1000a668                __libc_fini_array
 .text          0x1000a690        0x8 /usr/lib/gcc/arm-none-eabi/13.2.1/../../../arm-none-eabi/lib/thumb/v6-m/nofp/libg.a(libm_a-sf_nan.o)
                0x1000a690                nanf
 .text          0x1000a698      0x1d8 /usr/lib/gcc/arm-none-eabi/13.2.1/../../../arm-none-eabi/lib/thumb/v6-m/nofp/libg.a(libc_a-strtoll.o)
                0x1000a838                _strtoll_r
                0x1000a840                strtoll_l
                0x1000a858                strtoll
 .text          0x1000a870       0x80 /usr/lib/gcc/arm-none-eabi/13.2.1/../../../arm-none-eabi/lib/thumb/v6-m/nofp/libg.a(libc_a-sccl.o)
                0x1000a870                __sccl
 .text          0x1000a8f0       0x44 /usr/lib/gcc/arm-none-eabi/13.2.1/../../../arm-none-eabi/lib/thumb/v6-m/nofp/libg.a(libc_a-fwalk.o)
                0x1000a8f0                _fwalk_sglue
 .text          0x1000a934       0x14 /usr/lib/gcc/arm-none-eabi/13.2.1/../../../arm-none-eabi/lib/thumb/v6-m/nofp/libg.a(libc_a-localeconv.o)
                0x1000a934                __localeconv_l
                0x1000a938                _localeconv_r
                0x1000a940                localeconv
 .text          0x1000a948     0x10b8 /usr/lib/gcc/arm-none-eabi/13.2.1/../../../arm-none-eabi/lib/thumb/v6-m/nofp/libg.a(libc_a-strtod.o)
                0x1000a978                _strtod_l
                0x1000b830                _strtod_r
                0x1000b840                strtod_l
                0x1000b858                strtod
                0x1000b874                strtof_l
                0x1000b92c                strtof
 .text          0x1000ba00       0x98 /usr/lib/gcc/arm-none-eabi/13.2.1/../../../arm-none-eabi/lib/thumb/v6-m/nofp/libg.a(libc_a-locale.o)
                0x1000ba00                _setlocale_r
                0x1000ba44                __locale_mb_cur_max
                0x1000ba54                setlocale
 .text          0x1000ba98      0x658 /usr/lib/gcc/arm-none-eabi/13.2.1/../../../arm-none-eabi/lib/thumb/v6-m/nofp/libg.a(libc_a-gdtoa-gethex.o)
                0x1000bb48                __gethex
 .text          0x1000c0f0      0x17c /usr/lib/gcc/arm-none-eabi/13.2.1/../../../arm-none-eabi/lib/thumb/v6-m/nofp/libg.a(libc_a-strtoul.o)
                0x1000c234                _strtoul_r
                0x1000c23c                strtoul_l
                0x1000c254                strtoul
 .text          0x1000c26c       0x44 /usr/lib/gcc/arm-none-eabi/13.2.1/../../../arm-none-eabi/lib/thumb/v6-m/nofp/libg.a(libc_a-mbtowc_r.o)
                0x1000c26c                _mbtowc_r
                0x1000c284                __ascii_mbtowc
 .text          0x1000c2b0      0x1c4 /usr/lib/gcc/arm-none-eabi/13.2.1/../../../arm-none-eabi/lib/thumb/v6-m/nofp/libg.a(libc_a-fflush.o)
                0x1000c2b0                __sflush_r
                0x1000c3f8                _fflush_r
                0x1000c424                fflush
 .text          0x1000c474       0x74 /usr/lib/gcc/arm-none-eabi/13.2.1/../../../arm-none-eabi/lib/thumb/v6-m/nofp/libg.a(libc_a-strncmp.o)
                0x1000c474                strncmp
 .text          0x1000c4e8       0xb0 /usr/lib/gcc/arm-none-eabi/13.2.1/../../../arm-none-eabi/lib/thumb/v6-m/nofp/libg.a(libc_a-memmove.o)
                0x1000c4e8                memmove
 .text          0x1000c598        0xc /usr/lib/gcc/arm-none-eabi/13.2.1/../../../arm-none-eabi/lib/thumb/v6-m/nofp/libg.a(libc_a-errno.o)
                0x1000c598                __errno
 .text          0x1000c5a4       0x18 /usr/lib/gcc/arm-none-eabi/13.2.1/../../../arm-none-eabi/lib/thumb/v6-m/nofp/libg.a(libc_a-iswspace_l.o)
                0x1000c5a4                iswspace_l
 .text          0x1000c5bc      0x1fc /usr/lib/gcc/arm-none-eabi/13.2.1/../../../arm-none-eabi/lib/thumb/v6-m/nofp/libg.a(libc_a-strtoull.o)
                0x1000c780                _strtoull_r
                0x1000c788                strtoull_l
                0x1000c7a0                strtoull
 .text          0x1000c7b8       0x28 /usr/lib/gcc/arm-none-eabi/13.2.1/../../../arm-none-eabi/lib/thumb/v6-m/nofp/libg.a(libc_a-readr.o)
                0x1000c7b8                _read_r
 .text          0x1000c7e0       0xa4 /usr/lib/gcc/arm-none-eabi/13.2.1/../../../arm-none-eabi/lib/thumb/v6-m/nofp/libg.a(libc_a-fclose.o)
                0x1000c7e0                _fclose_r
                0x1000c870                fclose
 .text          0x1000c884       0x2c /usr/lib/gcc/arm-none-eabi/13.2.1/../../../arm-none-eabi/lib/thumb/v6-m/nofp/libg.a(libc_a-wctomb_r.o)
                0x1000c884                _wctomb_r
                0x1000c894                __ascii_wctomb
 .text          0x1000c8b0       0x28 /usr/lib/gcc/arm-none-eabi/13.2.1/../../../arm-none-eabi/lib/thumb/v6-m/nofp/libg.a(libc_a-lseekr.o)
                0x1000c8b0                _lseek_r
 .text          0x1000c8d8       0x78 /usr/lib/gcc/arm-none-eabi/13.2.1/../../../arm-none-eabi/lib/thumb/v6-m/nofp/libg.a(libc_a-__atexit.o)
                0x1000c8d8                __register_exitproc
 .text          0x1000c950      0x230 /usr/lib/gcc/arm-none-eabi/13.2.1/../../../arm-none-eabi/lib/thumb/v6-m/nofp/libg.a(libc_a-gdtoa-hexnan.o)
                0x1000c950                __match
                0x1000c97c                __hexnan
 .text          0x1000cb80        0xc /usr/lib/gcc/arm-none-eabi/13.2.1/../../../arm-none-eabi/lib/thumb/v6-m/nofp/libg.a(libm_a-s_nan.o)
                0x1000cb80                nan
 .text          0x1000cb8c      0xb18 /usr/lib/gcc/arm-none-eabi/13.2.1/../../../arm-none-eabi/lib/thumb/v6-m/nofp/libg.a(libc_a-mprec.o)
                0x1000cb8c                _Balloc
                0x1000cbdc                _Bfree
                0x1000cbf0                __multadd
                0x1000cc98                __s2b
                0x1000cd48                __hi0bits
                0x1000cd94                __lo0bits
                0x1000cdf0                __i2b
                0x1000ce50                __multiply
                0x1000cffc                __pow5mult
                0x1000d0cc                __lshift
                0x1000d1c8                __mcmp
                0x1000d204                __mdiff
                0x1000d3b8                __ulp
                0x1000d3f8                __b2d
                0x1000d4b0                __d2b
                0x1000d57c                __ratio
                0x1000d5e4                _mprec_log10
                0x1000d618                __copybits
                0x1000d658                __any_on
 .text.startup  0x1000d6a4       0x18 /usr/lib/gcc/arm-none-eabi/13.2.1/../../../arm-none-eabi/lib/thumb/v6-m/nofp/libg.a(libc_a-__call_atexit.o)
 *(.fini)
 .fini          0x1000d6bc        0x4 /usr/lib/gcc/arm-none-eabi/13.2.1/thumb/v6-m/nofp/crti.o
                0x1000d6bc                _fini
 .fini.__stub   0x1000d6c0       0xc0 linker stubs
 *crtbegin.o(.ctors)
 *crtbegin?.o(.ctors)
 *(EXCLUDE_FILE(*crtend.o *crtend?.o) .ctors)
 *(SORT_BY_NAME(.ctors.*))
 *(.ctors)
 *crtbegin.o(.dtors)
 *crtbegin?.o(.dtors)
 *(EXCLUDE_FILE(*crtend.o *crtend?.o) .dtors)
 *(SORT_BY_NAME(.dtors.*))
 *(.dtors)
                0x1000d780                        . = ALIGN (0x4)
                0x1000d780                        PROVIDE (__preinit_array_start = .)
 *(SORT_BY_NAME(.preinit_array.*))
 .preinit_array.00100
                0x1000d780        0x4 CMakeFiles/02-control.dir/home/nasil/Repositories/pico/pico-sdk/src/rp2_common/pico_runtime_init/runtime_init.c.o
                0x1000d780                __pre_init_runtime_init_early_resets
 .preinit_array.00101
                0x1000d784        0x4 CMakeFiles/02-control.dir/home/nasil/Repositories/pico/pico-sdk/src/rp2_common/pico_runtime_init/runtime_init.c.o
                0x1000d784                __pre_init_runtime_init_usb_power_down
 .preinit_array.00275
                0x1000d788        0x4 CMakeFiles/02-control.dir/home/nasil/Repositories/pico/pico-sdk/src/rp2_common/pico_bit_ops/bit_ops_aeabi.S.o
 .preinit_array.00300
                0x1000d78c        0x4 CMakeFiles/02-control.dir/home/nasil/Repositories/pico/pico-sdk/src/rp2_common/pico_mem_ops/mem_ops_aeabi.S.o
 .preinit_array.00350
                0x1000d790        0x4 CMakeFiles/02-control.dir/home/nasil/Repositories/pico/pico-sdk/src/rp2_common/pico_double/double_aeabi_rp2040.S.o
 .preinit_array.00350
                0x1000d794        0x4 CMakeFiles/02-control.dir/home/nasil/Repositories/pico/pico-sdk/src/rp2_common/pico_float/float_aeabi_rp2040.S.o
 .preinit_array.00500
                0x1000d798        0x4 CMakeFiles/02-control.dir/home/nasil/Repositories/pico/pico-sdk/src/rp2_common/pico_runtime_init/runtime_init.c.o
                0x1000d798                __pre_init_runtime_init_clocks
 .preinit_array.00600
                0x1000d79c        0x4 CMakeFiles/02-control.dir/home/nasil/Repositories/pico/pico-sdk/src/rp2_common/pico_runtime_init/runtime_init.c.o
                0x1000d79c                __pre_init_runtime_init_post_clock_resets
 .preinit_array.00700
                0x1000d7a0        0x4 CMakeFiles/02-control.dir/home/nasil/Repositories/pico/pico-sdk/src/rp2_common/pico_runtime_init/runtime_init.c.o
                0x1000d7a0                __pre_init_runtime_init_rp2040_gpio_ie_disable
 .preinit_array.01000
                0x1000d7a4        0x4 CMakeFiles/02-control.dir/home/nasil/Repositories/pico/pico-sdk/src/rp2_common/pico_runtime_init/runtime_init.c.o
                0x1000d7a4                __pre_init_runtime_init_spin_locks_reset
 .preinit_array.01100
                0x1000d7a8        0x4 CMakeFiles/02-control.dir/home/nasil/Repositories/pico/pico-sdk/src/common/pico_sync/mutex.c.o
                0x1000d7a8                __pre_init_runtime_init_mutex
 .preinit_array.10080
                0x1000d7ac        0x4 CMakeFiles/02-control.dir/home/nasil/Repositories/pico/pico-sdk/src/rp2_common/pico_runtime_init/runtime_init.c.o
                0x1000d7ac                __pre_init_runtime_init_install_ram_vector_table
 .preinit_array.11000
                0x1000d7b0        0x4 CMakeFiles/02-control.dir/home/nasil/Repositories/pico/pico-sdk/src/common/pico_time/time.c.o
                0x1000d7b0                __pre_init_runtime_init_default_alarm_pool
 .preinit_array.YYYYY
                0x1000d7b4        0x4 CMakeFiles/02-control.dir/home/nasil/Repositories/pico/pico-sdk/src/rp2_common/pico_runtime/runtime.c.o
                0x1000d7b4                __pre_init_first_per_core_initializer
 .preinit_array.ZZZZZ.01200
                0x1000d7b8        0x4 CMakeFiles/02-control.dir/home/nasil/Repositories/pico/pico-sdk/src/rp2_common/hardware_irq/irq.c.o
                0x1000d7b8                __pre_init_runtime_init_per_core_irq_priorities
 *(.preinit_array)
                0x1000d7bc                        PROVIDE (__preinit_array_end = .)
                0x1000d7bc                        . = ALIGN (0x4)
                0x1000d7bc                        PROVIDE (__init_array_start = .)
 *(SORT_BY_NAME(.init_array.*))
 .init_array.00000
                0x1000d7bc        0x4 /usr/lib/gcc/arm-none-eabi/13.2.1/../../../arm-none-eabi/lib/thumb/v6-m/nofp/libg.a(libc_a-__call_atexit.o)
 .init_array.01000
                0x1000d7c0        0x4 CMakeFiles/02-control.dir/home/nasil/Repositories/pico/pico-sdk/src/rp2_common/pico_unique_id/unique_id.c.o
 *(.init_array)
 .init_array    0x1000d7c4        0x4 /usr/lib/gcc/arm-none-eabi/13.2.1/thumb/v6-m/nofp/crtbegin.o
                0x1000d7c8                        PROVIDE (__init_array_end = .)
                0x1000d7c8                        . = ALIGN (0x4)
                0x1000d7c8                        PROVIDE (__fini_array_start = .)
 *(SORT_BY_NAME(.fini_array.*))
 *(.fini_array)
                0x1000d7c8                        PROVIDE (__fini_array_end = .)
 *(.eh_frame*)
 .eh_frame      0x1000d7c8        0x0 /usr/lib/gcc/arm-none-eabi/13.2.1/thumb/v6-m/nofp/crtbegin.o
                0x1000d7c8                        . = ALIGN (0x4)

.glue_7         0x1000d7c8        0x0
 .glue_7        0x1000d7c8        0x0 linker stubs

.glue_7t        0x1000d7c8        0x0
 .glue_7t       0x1000d7c8        0x0 linker stubs

.vfp11_veneer   0x1000d7c8        0x0
 .vfp11_veneer  0x1000d7c8        0x0 linker stubs

.v4_bx          0x1000d7c8        0x0
 .v4_bx         0x1000d7c8        0x0 linker stubs

.iplt           0x1000d7c8        0x0
 .iplt          0x1000d7c8        0x0 /usr/lib/gcc/arm-none-eabi/13.2.1/thumb/v6-m/nofp/crtbegin.o

.rodata         0x1000d7c8     0x1428
 *(EXCLUDE_FILE(*libm.a: *libc.a:*lib_a-mem*.o *libgcc.a:) .rodata*)
 .rodata.version_callback.str1.4
                0x1000d7c8      0x495 CMakeFiles/02-control.dir/main.c.o
                                 0x41 (size before relaxing)
 .rodata.help_callback.str1.4
                0x1000dc5d       0x14 CMakeFiles/02-control.dir/main.c.o
 .rodata.mem_callback.str1.4
                0x1000dc5d       0x38 CMakeFiles/02-control.dir/main.c.o
 .rodata.wmem_callback.str1.4
                0x1000dc5d       0x4a CMakeFiles/02-control.dir/main.c.o
 .rodata.led_blink_set_period_ms_callback.str1.4
                0x1000dc5d       0x29 CMakeFiles/02-control.dir/main.c.o
 .rodata.main.str1.4
                0x1000dc5d        0xa CMakeFiles/02-control.dir/main.c.o
 .rodata.str1.4
                0x1000dc5d       0xe4 CMakeFiles/02-control.dir/main.c.o
 .rodata.stdio_task_handle.str1.4
                0x1000dc5d       0x17 CMakeFiles/02-control.dir/stdio-task/stdio-task.c.o
 .rodata.protocol_task_handle.str1.4
                0x1000dc5d       0x45 CMakeFiles/02-control.dir/protocol-task/protocol-task.c.o
 .rodata.panic.str1.4
                0x1000dc5d       0x12 CMakeFiles/02-control.dir/home/nasil/Repositories/pico/pico-sdk/src/rp2_common/pico_platform_panic/panic.c.o
 .rodata.spin_lock_claim_unused.str1.4
                0x1000dc5d       0x1b CMakeFiles/02-control.dir/home/nasil/Repositories/pico/pico-sdk/src/rp2_common/hardware_sync/sync.c.o
 .rodata.user_irq_claim_unused.str1.4
                0x1000dc5d       0x1b CMakeFiles/02-control.dir/home/nasil/Repositories/pico/pico-sdk/src/rp2_common/hardware_irq/irq.c.o
 *fill*         0x1000dc5d        0x3 
 .rodata.at_the_end_of_time
                0x1000dc60        0x8 CMakeFiles/02-control.dir/home/nasil/Repositories/pico/pico-sdk/src/common/pico_time/time.c.o
                0x1000dc60                at_the_end_of_time
 .rodata.timer_hardware_alarm_claim.str1.4
                0x1000dc68       0x22 CMakeFiles/02-control.dir/home/nasil/Repositories/pico/pico-sdk/src/rp2_common/hardware_timer/timer.c.o
 .rodata.hard_assertion_failure.str1.4
                0x1000dc68        0xc CMakeFiles/02-control.dir/home/nasil/Repositories/pico/pico-sdk/src/rp2_common/pico_runtime/runtime.c.o
 .rodata.str1.4
                0x1000dc68       0x40 CMakeFiles/02-control.dir/home/nasil/Repositories/pico/pico-sdk/src/rp2_common/pico_standard_binary_info/standard_binary_info.c.o
 .rodata.__bi_84
                0x1000dc68        0xc CMakeFiles/02-control.dir/home/nasil/Repositories/pico/pico-sdk/src/rp2_common/pico_standard_binary_info/standard_binary_info.c.o
 .rodata.__bi_78
                0x1000dc74        0xc CMakeFiles/02-control.dir/home/nasil/Repositories/pico/pico-sdk/src/rp2_common/pico_standard_binary_info/standard_binary_info.c.o
 .rodata.__bi_54
                0x1000dc80        0xc CMakeFiles/02-control.dir/home/nasil/Repositories/pico/pico-sdk/src/rp2_common/pico_standard_binary_info/standard_binary_info.c.o
 .rodata.__bi_48
                0x1000dc8c        0xc CMakeFiles/02-control.dir/home/nasil/Repositories/pico/pico-sdk/src/rp2_common/pico_standard_binary_info/standard_binary_info.c.o
 .rodata.__bi_42
                0x1000dc98        0xc CMakeFiles/02-control.dir/home/nasil/Repositories/pico/pico-sdk/src/rp2_common/pico_standard_binary_info/standard_binary_info.c.o
 .rodata.__bi_34
                0x1000dca4        0xc CMakeFiles/02-control.dir/home/nasil/Repositories/pico/pico-sdk/src/rp2_common/pico_standard_binary_info/standard_binary_info.c.o
 .rodata.__bi_26
                0x1000dcb0        0xc CMakeFiles/02-control.dir/home/nasil/Repositories/pico/pico-sdk/src/rp2_common/pico_standard_binary_info/standard_binary_info.c.o
 .rodata._ftoa.str1.4
                0x1000dcbc       0x15 CMakeFiles/02-control.dir/home/nasil/Repositories/pico/pico-sdk/src/rp2_common/pico_printf/printf.c.o
 .rodata._vsnprintf
                0x1000dcbc      0x19c CMakeFiles/02-control.dir/home/nasil/Repositories/pico/pico-sdk/src/rp2_common/pico_printf/printf.c.o
 .rodata.pow10.0
                0x1000de58       0x50 CMakeFiles/02-control.dir/home/nasil/Repositories/pico/pico-sdk/src/rp2_common/pico_printf/printf.c.o
 .rodata.__assert_func.str1.4
                0x1000dea8       0x43 CMakeFiles/02-control.dir/home/nasil/Repositories/pico/pico-sdk/src/rp2_common/pico_clib_interface/newlib_interface.c.o
 .rodata.crlf_str.0
                0x1000dea8        0x2 CMakeFiles/02-control.dir/home/nasil/Repositories/pico/pico-sdk/src/rp2_common/pico_stdio/stdio.c.o
 *fill*         0x1000deaa        0x2 
 .rodata._resetd_driver
                0x1000deac       0x20 CMakeFiles/02-control.dir/home/nasil/Repositories/pico/pico-sdk/src/rp2_common/pico_stdio_usb/reset_interface.c.o
 .rodata.desc_ms_os_20
                0x1000decc       0xa6 CMakeFiles/02-control.dir/home/nasil/Repositories/pico/pico-sdk/src/rp2_common/pico_stdio_usb/reset_interface.c.o
 *fill*         0x1000df72        0x2 
 .rodata.desc_bos
                0x1000df74       0x21 CMakeFiles/02-control.dir/home/nasil/Repositories/pico/pico-sdk/src/rp2_common/pico_stdio_usb/reset_interface.c.o
                0x1000df74                desc_bos
 .rodata.str1.4
                0x1000df95       0x13 CMakeFiles/02-control.dir/home/nasil/Repositories/pico/pico-sdk/src/rp2_common/pico_stdio_usb/stdio_usb.c.o
 *fill*         0x1000df95        0x3 
 .rodata.__bi_202.0
                0x1000df98        0xc CMakeFiles/02-control.dir/home/nasil/Repositories/pico/pico-sdk/src/rp2_common/pico_stdio_usb/stdio_usb.c.o
 .rodata.str1.4
                0x1000dfa4       0x2a CMakeFiles/02-control.dir/home/nasil/Repositories/pico/pico-sdk/src/rp2_common/pico_stdio_usb/stdio_usb_descriptors.c.o
 .rodata.usbd_desc_str
                0x1000dfa4       0x18 CMakeFiles/02-control.dir/home/nasil/Repositories/pico/pico-sdk/src/rp2_common/pico_stdio_usb/stdio_usb_descriptors.c.o
 .rodata.usbd_desc_cfg
                0x1000dfbc       0x54 CMakeFiles/02-control.dir/home/nasil/Repositories/pico/pico-sdk/src/rp2_common/pico_stdio_usb/stdio_usb_descriptors.c.o
 .rodata.usbd_desc_device
                0x1000e010       0x12 CMakeFiles/02-control.dir/home/nasil/Repositories/pico/pico-sdk/src/rp2_common/pico_stdio_usb/stdio_usb_descriptors.c.o
 .rodata.str1.4
                0x1000e022       0x14 CMakeFiles/02-control.dir/home/nasil/Repositories/pico/pico-sdk/lib/tinyusb/src/portable/raspberrypi/rp2040/dcd_rp2040.c.o
 .rodata.str1.4
                0x1000e022       0x48 CMakeFiles/02-control.dir/home/nasil/Repositories/pico/pico-sdk/lib/tinyusb/src/portable/raspberrypi/rp2040/rp2040_usb.c.o
 *fill*         0x1000e022        0x2 
 .rodata.tud_task_ext
                0x1000e024       0x8c CMakeFiles/02-control.dir/home/nasil/Repositories/pico/pico-sdk/lib/tinyusb/src/device/usbd.c.o
 .rodata        0x1000e0b0       0x1c CMakeFiles/02-control.dir/home/nasil/Repositories/pico/pico-sdk/lib/tinyusb/src/device/usbd.c.o
 .rodata._usbd_driver
                0x1000e0cc       0x40 CMakeFiles/02-control.dir/home/nasil/Repositories/pico/pico-sdk/lib/tinyusb/src/device/usbd.c.o
 .rodata.str1.4
                0x1000e10c        0x9 /usr/lib/gcc/arm-none-eabi/13.2.1/../../../arm-none-eabi/lib/thumb/v6-m/nofp/libg.a(libc_a-svfscanf.o)
 .rodata        0x1000e10c      0x3e6 /usr/lib/gcc/arm-none-eabi/13.2.1/../../../arm-none-eabi/lib/thumb/v6-m/nofp/libg.a(libc_a-svfscanf.o)
 .rodata.str1.4
                0x1000e4f2        0x1 /usr/lib/gcc/arm-none-eabi/13.2.1/../../../arm-none-eabi/lib/thumb/v6-m/nofp/libg.a(libc_a-mbrtowc.o)
 *fill*         0x1000e4f2        0x2 
 .rodata        0x1000e4f4      0x101 /usr/lib/gcc/arm-none-eabi/13.2.1/../../../arm-none-eabi/lib/thumb/v6-m/nofp/libg.a(libc_a-ctype_.o)
                0x1000e4f4                _ctype_
 *fill*         0x1000e5f5        0x3 
 .rodata        0x1000e5f8      0x2aa /usr/lib/gcc/arm-none-eabi/13.2.1/../../../arm-none-eabi/lib/thumb/v6-m/nofp/libg.a(libc_a-svfiscanf.o)
 .rodata.str1.4
                0x1000e8a2       0x15 /usr/lib/gcc/arm-none-eabi/13.2.1/../../../arm-none-eabi/lib/thumb/v6-m/nofp/libg.a(libc_a-strtod.o)
 *fill*         0x1000e8a2        0x6 
 .rodata        0x1000e8a8      0x120 /usr/lib/gcc/arm-none-eabi/13.2.1/../../../arm-none-eabi/lib/thumb/v6-m/nofp/libg.a(libc_a-strtod.o)
 .rodata.str1.4
                0x1000e9c8       0x12 /usr/lib/gcc/arm-none-eabi/13.2.1/../../../arm-none-eabi/lib/thumb/v6-m/nofp/libg.a(libc_a-locale.o)
 .rodata.str1.4
                0x1000e9c8       0x4c /usr/lib/gcc/arm-none-eabi/13.2.1/../../../arm-none-eabi/lib/thumb/v6-m/nofp/libg.a(libc_a-gdtoa-gethex.o)
 .rodata        0x1000e9c8      0x100 /usr/lib/gcc/arm-none-eabi/13.2.1/../../../arm-none-eabi/lib/thumb/v6-m/nofp/libg.a(libc_a-gdtoa-gethex.o)
                0x1000e9c8                __hexdig
 .rodata.str1.4
                0x1000eac8       0x41 /usr/lib/gcc/arm-none-eabi/13.2.1/../../../arm-none-eabi/lib/thumb/v6-m/nofp/libg.a(libc_a-mprec.o)
 .rodata        0x1000eac8      0x128 /usr/lib/gcc/arm-none-eabi/13.2.1/../../../arm-none-eabi/lib/thumb/v6-m/nofp/libg.a(libc_a-mprec.o)
                0x1000ead8                __mprec_tinytens
                0x1000eb00                __mprec_bigtens
                0x1000eb28                __mprec_tens
                0x1000ebf0                        . = ALIGN (0x4)
 *(SORT_BY_ALIGNMENT(SORT_BY_NAME(.flashdata*)))
                0x1000ebf0                        . = ALIGN (0x4)

.ARM.extab
 *(.ARM.extab* .gnu.linkonce.armextab.*)
                0x1000ebf0                        __exidx_start = .

.ARM.exidx
 *(.ARM.exidx* .gnu.linkonce.armexidx.*)
                0x1000ebf0                        __exidx_end = .
                0x1000ebf0                        . = ALIGN (0x4)
                0x1000ebf0                        __binary_info_start = .

.binary_info    0x1000ebf0       0x20
 *(.binary_info.keep.*)
 .binary_info.keep.__bi_ptr84
                0x1000ebf0        0x4 CMakeFiles/02-control.dir/home/nasil/Repositories/pico/pico-sdk/src/rp2_common/pico_standard_binary_info/standard_binary_info.c.o
 .binary_info.keep.__bi_ptr78
                0x1000ebf4        0x4 CMakeFiles/02-control.dir/home/nasil/Repositories/pico/pico-sdk/src/rp2_common/pico_standard_binary_info/standard_binary_info.c.o
 .binary_info.keep.__bi_ptr54
                0x1000ebf8        0x4 CMakeFiles/02-control.dir/home/nasil/Repositories/pico/pico-sdk/src/rp2_common/pico_standard_binary_info/standard_binary_info.c.o
 .binary_info.keep.__bi_ptr48
                0x1000ebfc        0x4 CMakeFiles/02-control.dir/home/nasil/Repositories/pico/pico-sdk/src/rp2_common/pico_standard_binary_info/standard_binary_info.c.o
 .binary_info.keep.__bi_ptr42
                0x1000ec00        0x4 CMakeFiles/02-control.dir/home/nasil/Repositories/pico/pico-sdk/src/rp2_common/pico_standard_binary_info/standard_binary_info.c.o
 .binary_info.keep.__bi_ptr34
                0x1000ec04        0x4 CMakeFiles/02-control.dir/home/nasil/Repositories/pico/pico-sdk/src/rp2_common/pico_standard_binary_info/standard_binary_info.c.o
 .binary_info.keep.__bi_ptr26
                0x1000ec08        0x4 CMakeFiles/02-control.dir/home/nasil/Repositories/pico/pico-sdk/src/rp2_common/pico_standard_binary_info/standard_binary_info.c.o
 *(.binary_info.*)
 .binary_info.__bi_ptr202
                0x1000ec0c        0x4 CMakeFiles/02-control.dir/home/nasil/Repositories/pico/pico-sdk/src/rp2_common/pico_stdio_usb/stdio_usb.c.o
                0x1000ec10                        __binary_info_end = .
                0x1000ec10                        . = ALIGN (0x4)

.ram_vector_table
                0x20000000       0xc0
 *(.ram_vector_table)
 .ram_vector_table
                0x20000000       0xc0 CMakeFiles/02-control.dir/home/nasil/Repositories/pico/pico-sdk/src/rp2_common/pico_runtime_init/runtime_init.c.o
                0x20000000                ram_vector_table

.uninitialized_data
                0x200000c0        0x0
                0x200000c0                        . = ALIGN (0x4)
 *(.uninitialized_data*)

.data           0x200000c0     0x16d0 load address 0x1000ec10
                0x200000c0                        __data_start__ = .
 *(vtable)
 *(.time_critical*)
 .time_critical.mutex_try_enter
                0x200000c0       0x40 CMakeFiles/02-control.dir/home/nasil/Repositories/pico/pico-sdk/src/common/pico_sync/mutex.c.o
                0x200000c0                mutex_try_enter
 .time_critical.mutex_try_enter_block_until
                0x20000100       0x9c CMakeFiles/02-control.dir/home/nasil/Repositories/pico/pico-sdk/src/common/pico_sync/mutex.c.o
                0x20000100                mutex_try_enter_block_until
 .time_critical.mutex_enter_timeout_ms
                0x2000019c       0x90 CMakeFiles/02-control.dir/home/nasil/Repositories/pico/pico-sdk/src/common/pico_sync/mutex.c.o
                0x2000019c                mutex_enter_timeout_ms
 .time_critical.mutex_exit
                0x2000022c       0x28 CMakeFiles/02-control.dir/home/nasil/Repositories/pico/pico-sdk/src/common/pico_sync/mutex.c.o
                0x2000022c                mutex_exit
 .time_critical.flash_init_boot2_copyout
                0x20000254       0x30 CMakeFiles/02-control.dir/home/nasil/Repositories/pico/pico-sdk/src/rp2_common/hardware_flash/flash.c.o
 .time_critical.flash_enable_xip_via_boot2
                0x20000284        0xc CMakeFiles/02-control.dir/home/nasil/Repositories/pico/pico-sdk/src/rp2_common/hardware_flash/flash.c.o
 .time_critical.flash_save_hardware_state
                0x20000290       0x20 CMakeFiles/02-control.dir/home/nasil/Repositories/pico/pico-sdk/src/rp2_common/hardware_flash/flash.c.o
 .time_critical.flash_restore_hardware_state
                0x200002b0       0x20 CMakeFiles/02-control.dir/home/nasil/Repositories/pico/pico-sdk/src/rp2_common/hardware_flash/flash.c.o
 .time_critical.flash_cs_force
                0x200002d0       0x38 CMakeFiles/02-control.dir/home/nasil/Repositories/pico/pico-sdk/src/rp2_common/hardware_flash/flash.c.o
 .time_critical.flash_do_cmd
                0x20000308       0xd0 CMakeFiles/02-control.dir/home/nasil/Repositories/pico/pico-sdk/src/rp2_common/hardware_flash/flash.c.o
                0x20000308                flash_do_cmd
 .time_critical.reset_non_control_endpoints
                0x200003d8       0x68 CMakeFiles/02-control.dir/home/nasil/Repositories/pico/pico-sdk/lib/tinyusb/src/portable/raspberrypi/rp2040/dcd_rp2040.c.o
 .time_critical.hw_handle_buff_status
                0x20000440       0xa0 CMakeFiles/02-control.dir/home/nasil/Repositories/pico/pico-sdk/lib/tinyusb/src/portable/raspberrypi/rp2040/dcd_rp2040.c.o
 .time_critical.dcd_rp2040_irq